 ipcsdk

 Timestamp is 59e06d37 (Fri Oct 13 15:37:27 2017)

 Preferred load address is 10000000

 Start         Length     Name                   Class
 0001:00000000 0007526bH .text                   CODE
 0001:00075270 00002a95H .text$x                 CODE
 0001:00077d10 00000081H .text$yc                CODE
 0001:00077da0 0000012bH .text$yd                CODE
 0002:00000000 000002a0H .idata$5                DATA
 0002:000002a0 00000004H .CRT$XCA                DATA
 0002:000002a4 00000014H .CRT$XCU                DATA
 0002:000002b8 00000004H .CRT$XCZ                DATA
 0002:000002bc 00000004H .CRT$XIA                DATA
 0002:000002c0 00000004H .CRT$XIAA               DATA
 0002:000002c4 00000004H .CRT$XIZ                DATA
 0002:000002d0 0000bce8H .rdata                  DATA
 0002:0000bfb8 0000007dH .rdata$debug            DATA
 0002:0000c038 000002d8H .rdata$r                DATA
 0002:0000c310 00000240H .rdata$sxdata           DATA
 0002:0000c550 00000004H .rtc$IAA                DATA
 0002:0000c554 00000004H .rtc$IZZ                DATA
 0002:0000c558 00000004H .rtc$TAA                DATA
 0002:0000c55c 00000004H .rtc$TZZ                DATA
 0002:0000c560 00001fa8H .xdata$x                DATA
 0002:0000e508 00000000H ATL$__a                 DATA
 0002:0000e508 00000000H ATL$__z                 DATA
 0002:0000e508 00000064H .idata$2                DATA
 0002:0000e56c 00000014H .idata$3                DATA
 0002:0000e580 000002a0H .idata$4                DATA
 0002:0000e820 00000bf4H .idata$6                DATA
 0002:0000f420 00002494H .edata                  DATA
 0003:00000000 000004b0H .data                   DATA
 0003:000004b0 03087e00H .bss                    DATA

  Address         Publics by Value              Rva+Base       Lib:Object

 0000:00000000       __except_list              00000000     <absolute>
 0000:00000090       ___safe_se_handler_count   00000090     <absolute>
 0000:00009876       __ldused                   00009876     <absolute>
 0000:00009876       __fltused                  00009876     <absolute>
 0000:00000000       ___ImageBase               10000000     <linker-defined>
 0001:00000000       ??1bad_alloc@std@@UAE@XZ   10001000 f i aucmanager.obj
 0001:00000010       ??_Gbad_alloc@std@@UAEPAXI@Z 10001010 f i aucmanager.obj
 0001:00000010       ??_Ebad_alloc@std@@UAEPAXI@Z 10001010 f i  CIL library: CIL module
 0001:00000040       ??0logic_error@std@@QAE@ABV?$basic_string@DU?$char_traits@D@std@@V?$allocator@D@2@@1@@Z 10001040 f i aucmanager.obj
 0001:000000a0       ?what@logic_error@std@@UBEPBDXZ 100010a0 f i aucmanager.obj
 0001:000000b0       ??_Eout_of_range@std@@UAEPAXI@Z 100010b0 f i  CIL library: CIL module
 0001:000000b0       ??_Elogic_error@std@@UAEPAXI@Z 100010b0 f i  CIL library: CIL module
 0001:000000b0       ??_Gout_of_range@std@@UAEPAXI@Z 100010b0 f i aucmanager.obj
 0001:000000b0       ??_Glength_error@std@@UAEPAXI@Z 100010b0 f i aucmanager.obj
 0001:000000b0       ??_Glogic_error@std@@UAEPAXI@Z 100010b0 f i aucmanager.obj
 0001:000000b0       ??_Elength_error@std@@UAEPAXI@Z 100010b0 f i  CIL library: CIL module
 0001:000000e0       ??1out_of_range@std@@UAE@XZ 100010e0 f i aucmanager.obj
 0001:000000e0       ??1length_error@std@@UAE@XZ 100010e0 f i aucmanager.obj
 0001:00000100       ??0out_of_range@std@@QAE@ABV01@@Z 10001100 f i aucmanager.obj
 0001:00000120       ??0logic_error@std@@QAE@ABV01@@Z 10001120 f i aucmanager.obj
 0001:00000190       ??1CCriticalLock@@UAE@XZ   10001190 f i aucmanager.obj
 0001:000001b0       ??_GCCriticalLock@@UAEPAXI@Z 100011b0 f i aucmanager.obj
 0001:000001b0       ??_ECCriticalLock@@UAEPAXI@Z 100011b0 f i  CIL library: CIL module
 0001:000001e0       ??0CAucManager@@QAE@XZ     100011e0 f   aucmanager.obj
 0001:00000250       ??1?$map@KV?$basic_string@DU?$char_traits@D@std@@V?$allocator@D@2@@std@@U?$less@K@2@V?$allocator@U?$pair@$$CBKV?$basic_string@DU?$char_traits@D@std@@V?$allocator@D@2@@std@@@std@@@2@@std@@QAE@XZ 10001250 f i aucmanager.obj
 0001:000002a0       ??1CAucManager@@QAE@XZ     100012a0 f   aucmanager.obj
 0001:00000340       ?Init@CAucManager@@SAKXZ   10001340 f   aucmanager.obj
 0001:000003d0       ?Release@CAucManager@@SAKXZ 100013d0 f   aucmanager.obj
 0001:00000420       ?Removeall@CAucManager@@SAKXZ 10001420 f   aucmanager.obj
 0001:000004d0       ?_GetAuc@CAucManager@@AAEKAAPBDK@Z 100014d0 f   aucmanager.obj
 0001:00000560       ?_Login@CAucManager@@AAEHPAXPAD1PAK@Z 10001560 f   aucmanager.obj
 0001:00000950       ?_LoginDetect@CAucManager@@AAEHPAXPAD1PAK@Z 10001950 f   aucmanager.obj
 0001:00000d50       ?_Logout@CAucManager@@AAEHPAXPAK@Z 10001d50 f   aucmanager.obj
 0001:00000e70       ?_CreateHandle@CAucManager@@AAEKKGPAD0@Z 10001e70 f   aucmanager.obj
 0001:00000f90       ?_GetInfoFromHandle@CAucManager@@AAEKKPAXHPAK@Z 10001f90 f   aucmanager.obj
 0001:00001000       ?_DestroyHandle@CAucManager@@AAEKXZ 10002000 f   aucmanager.obj
 0001:000010a0       ?_DeleteHandle@CAucManager@@AAEKK@Z 100020a0 f   aucmanager.obj
 0001:00001100       ??A?$map@KV?$basic_string@DU?$char_traits@D@std@@V?$allocator@D@2@@std@@U?$less@K@2@V?$allocator@U?$pair@$$CBKV?$basic_string@DU?$char_traits@D@std@@V?$allocator@D@2@@std@@@std@@@2@@std@@QAEAAV?$basic_string@DU?$char_traits@D@std@@V?$allocator@D@2@@1@ABK@Z 10002100 f i aucmanager.obj
 0001:00001210       ?find@?$_Tree@V?$_Tmap_traits@KV?$basic_string@DU?$char_traits@D@std@@V?$allocator@D@2@@std@@U?$less@K@2@V?$allocator@U?$pair@$$CBKV?$basic_string@DU?$char_traits@D@std@@V?$allocator@D@2@@std@@@std@@@2@$0A@@std@@@std@@QAE?AViterator@12@ABK@Z 10002210 f i aucmanager.obj
 0001:000012a0       ??A?$map@KPAUtagHandleParam@@U?$less@K@std@@V?$allocator@U?$pair@$$CBKPAUtagHandleParam@@@std@@@3@@std@@QAEAAPAUtagHandleParam@@ABK@Z 100022a0 f i aucmanager.obj
 0001:00001350       ?find@?$_Tree@V?$_Tmap_traits@KPAUtagHandleParam@@U?$less@K@std@@V?$allocator@U?$pair@$$CBKPAUtagHandleParam@@@std@@@3@$0A@@std@@@std@@QAE?AViterator@12@ABK@Z 10002350 f i aucmanager.obj
 0001:00001350       ?find@?$_Tree@V?$_Tmap_traits@KKU?$less@K@std@@V?$allocator@U?$pair@$$CBKK@std@@@2@$0A@@std@@@std@@QAE?AViterator@12@ABK@Z 10002350 f i rtspwraper.obj
 0001:000013e0       ??1?$pair@$$CBKV?$basic_string@DU?$char_traits@D@std@@V?$allocator@D@2@@std@@@std@@QAE@XZ 100023e0 f i aucmanager.obj
 0001:000013f0       ??0?$_Tree@V?$_Tmap_traits@KV?$basic_string@DU?$char_traits@D@std@@V?$allocator@D@2@@std@@U?$less@K@2@V?$allocator@U?$pair@$$CBKV?$basic_string@DU?$char_traits@D@std@@V?$allocator@D@2@@std@@@std@@@2@$0A@@std@@@std@@QAE@ABU?$less@K@1@ABV?$allocator@U?$pair@$$CBKV?$basic_string@DU?$char_traits@D@std@@V?$allocator@D@2@@std@@@std@@@1@@Z 100023f0 f i aucmanager.obj
 0001:00001470       ?insert@?$_Tree@V?$_Tmap_traits@KV?$basic_string@DU?$char_traits@D@std@@V?$allocator@D@2@@std@@U?$less@K@2@V?$allocator@U?$pair@$$CBKV?$basic_string@DU?$char_traits@D@std@@V?$allocator@D@2@@std@@@std@@@2@$0A@@std@@@std@@QAE?AViterator@12@Vconst_iterator@12@ABU?$pair@$$CBKV?$basic_string@DU?$char_traits@D@std@@V?$allocator@D@2@@std@@@2@@Z 10002470 f i aucmanager.obj
 0001:00001650       ?_Erase@?$_Tree@V?$_Tmap_traits@KV?$basic_string@DU?$char_traits@D@std@@V?$allocator@D@2@@std@@U?$less@K@2@V?$allocator@U?$pair@$$CBKV?$basic_string@DU?$char_traits@D@std@@V?$allocator@D@2@@std@@@std@@@2@$0A@@std@@@std@@IAEXPAU_Node@?$_Tree_nod@V?$_Tmap_traits@KV?$basic_string@DU?$char_traits@D@std@@V?$allocator@D@2@@std@@U?$less@K@2@V?$allocator@U?$pair@$$CBKV?$basic_string@DU?$char_traits@D@std@@V?$allocator@D@2@@std@@@std@@@2@$0A@@std@@@2@@Z 10002650 f i aucmanager.obj
 0001:00001690       ?_Tidy@?$_Tree@V?$_Tmap_traits@KV?$basic_string@DU?$char_traits@D@std@@V?$allocator@D@2@@std@@U?$less@K@2@V?$allocator@U?$pair@$$CBKV?$basic_string@DU?$char_traits@D@std@@V?$allocator@D@2@@std@@@std@@@2@$0A@@std@@@std@@IAEXXZ 10002690 f i aucmanager.obj
 0001:000016d0       ?insert@?$_Tree@V?$_Tmap_traits@KPAUtagHandleParam@@U?$less@K@std@@V?$allocator@U?$pair@$$CBKPAUtagHandleParam@@@std@@@3@$0A@@std@@@std@@QAE?AViterator@12@Vconst_iterator@12@ABU?$pair@$$CBKPAUtagHandleParam@@@2@@Z 100026d0 f i aucmanager.obj
 0001:000016d0       ?insert@?$_Tree@V?$_Tmap_traits@KPAVCUploadSysThread@@U?$less@K@std@@V?$allocator@U?$pair@$$CBKPAVCUploadSysThread@@@std@@@3@$0A@@std@@@std@@QAE?AViterator@12@Vconst_iterator@12@ABU?$pair@$$CBKPAVCUploadSysThread@@@2@@Z 100026d0 f i uploadsys.obj
 0001:000018a0       ?_Lrotate@?$_Tree@V?$_Tmap_traits@KPAUtagHandleParam@@U?$less@K@std@@V?$allocator@U?$pair@$$CBKPAUtagHandleParam@@@std@@@3@$0A@@std@@@std@@IAEXPAU_Node@?$_Tree_nod@V?$_Tmap_traits@KPAUtagHandleParam@@U?$less@K@std@@V?$allocator@U?$pair@$$CBKPAUtagHandleParam@@@std@@@3@$0A@@std@@@2@@Z 100028a0 f i aucmanager.obj
 0001:000018a0       ?_Lrotate@?$_Tree@V?$_Tmap_traits@KPAVCUploadSysThread@@U?$less@K@std@@V?$allocator@U?$pair@$$CBKPAVCUploadSysThread@@@std@@@3@$0A@@std@@@std@@IAEXPAU_Node@?$_Tree_nod@V?$_Tmap_traits@KPAVCUploadSysThread@@U?$less@K@std@@V?$allocator@U?$pair@$$CBKPAVCUploadSysThread@@@std@@@3@$0A@@std@@@2@@Z 100028a0 f i uploadsys.obj
 0001:000018a0       ?_Lrotate@?$_Tree@V?$_Tmap_traits@KKU?$less@K@std@@V?$allocator@U?$pair@$$CBKK@std@@@2@$0A@@std@@@std@@IAEXPAU_Node@?$_Tree_nod@V?$_Tmap_traits@KKU?$less@K@std@@V?$allocator@U?$pair@$$CBKK@std@@@2@$0A@@std@@@2@@Z 100028a0 f i rtspwraper.obj
 0001:000018f0       ?insert@?$_Tree@V?$_Tmap_traits@KV?$basic_string@DU?$char_traits@D@std@@V?$allocator@D@2@@std@@U?$less@K@2@V?$allocator@U?$pair@$$CBKV?$basic_string@DU?$char_traits@D@std@@V?$allocator@D@2@@std@@@std@@@2@$0A@@std@@@std@@QAE?AU?$pair@Viterator@?$_Tree@V?$_Tmap_traits@KV?$basic_string@DU?$char_traits@D@std@@V?$allocator@D@2@@std@@U?$less@K@2@V?$allocator@U?$pair@$$CBKV?$basic_string@DU?$char_traits@D@std@@V?$allocator@D@2@@std@@@std@@@2@$0A@@std@@@std@@_N@2@ABU?$pair@$$CBKV?$basic_string@DU?$char_traits@D@std@@V?$allocator@D@2@@std@@@2@@Z 100028f0 f i aucmanager.obj
 0001:000019f0       ?erase@?$_Tree@V?$_Tmap_traits@KV?$basic_string@DU?$char_traits@D@std@@V?$allocator@D@2@@std@@U?$less@K@2@V?$allocator@U?$pair@$$CBKV?$basic_string@DU?$char_traits@D@std@@V?$allocator@D@2@@std@@@std@@@2@$0A@@std@@@std@@QAE?AViterator@12@Vconst_iterator@12@0@Z 100029f0 f i aucmanager.obj
 0001:00001ad0       ?_Insert@?$_Tree@V?$_Tmap_traits@KV?$basic_string@DU?$char_traits@D@std@@V?$allocator@D@2@@std@@U?$less@K@2@V?$allocator@U?$pair@$$CBKV?$basic_string@DU?$char_traits@D@std@@V?$allocator@D@2@@std@@@std@@@2@$0A@@std@@@std@@IAE?AViterator@12@_NPAU_Node@?$_Tree_nod@V?$_Tmap_traits@KV?$basic_string@DU?$char_traits@D@std@@V?$allocator@D@2@@std@@U?$less@K@2@V?$allocator@U?$pair@$$CBKV?$basic_string@DU?$char_traits@D@std@@V?$allocator@D@2@@std@@@std@@@2@$0A@@std@@@2@ABU?$pair@$$CBKV?$basic_string@DU?$char_traits@D@std@@V?$allocator@D@2@@std@@@2@@Z 10002ad0 f i aucmanager.obj
 0001:00001d10       ??0length_error@std@@QAE@ABV01@@Z 10002d10 f i aucmanager.obj
 0001:00001d30       ?erase@?$_Tree@V?$_Tmap_traits@KV?$basic_string@DU?$char_traits@D@std@@V?$allocator@D@2@@std@@U?$less@K@2@V?$allocator@U?$pair@$$CBKV?$basic_string@DU?$char_traits@D@std@@V?$allocator@D@2@@std@@@std@@@2@$0A@@std@@@std@@QAE?AViterator@12@Vconst_iterator@12@@Z 10002d30 f i aucmanager.obj
 0001:00002020       ?_Lrotate@?$_Tree@V?$_Tmap_traits@KV?$basic_string@DU?$char_traits@D@std@@V?$allocator@D@2@@std@@U?$less@K@2@V?$allocator@U?$pair@$$CBKV?$basic_string@DU?$char_traits@D@std@@V?$allocator@D@2@@std@@@std@@@2@$0A@@std@@@std@@IAEXPAU_Node@?$_Tree_nod@V?$_Tmap_traits@KV?$basic_string@DU?$char_traits@D@std@@V?$allocator@D@2@@std@@U?$less@K@2@V?$allocator@U?$pair@$$CBKV?$basic_string@DU?$char_traits@D@std@@V?$allocator@D@2@@std@@@std@@@2@$0A@@std@@@2@@Z 10003020 f i aucmanager.obj
 0001:00002070       ?_Rrotate@?$_Tree@V?$_Tmap_traits@KV?$basic_string@DU?$char_traits@D@std@@V?$allocator@D@2@@std@@U?$less@K@2@V?$allocator@U?$pair@$$CBKV?$basic_string@DU?$char_traits@D@std@@V?$allocator@D@2@@std@@@std@@@2@$0A@@std@@@std@@IAEXPAU_Node@?$_Tree_nod@V?$_Tmap_traits@KV?$basic_string@DU?$char_traits@D@std@@V?$allocator@D@2@@std@@U?$less@K@2@V?$allocator@U?$pair@$$CBKV?$basic_string@DU?$char_traits@D@std@@V?$allocator@D@2@@std@@@std@@@2@$0A@@std@@@2@@Z 10003070 f i aucmanager.obj
 0001:000020c0       ?_Buynode@?$_Tree@V?$_Tmap_traits@KV?$basic_string@DU?$char_traits@D@std@@V?$allocator@D@2@@std@@U?$less@K@2@V?$allocator@U?$pair@$$CBKV?$basic_string@DU?$char_traits@D@std@@V?$allocator@D@2@@std@@@std@@@2@$0A@@std@@@std@@IAEPAU_Node@?$_Tree_nod@V?$_Tmap_traits@KV?$basic_string@DU?$char_traits@D@std@@V?$allocator@D@2@@std@@U?$less@K@2@V?$allocator@U?$pair@$$CBKV?$basic_string@DU?$char_traits@D@std@@V?$allocator@D@2@@std@@@std@@@2@$0A@@std@@@2@XZ 100030c0 f i aucmanager.obj
 0001:00002100       ?_Buynode@?$_Tree@V?$_Tmap_traits@KV?$basic_string@DU?$char_traits@D@std@@V?$allocator@D@2@@std@@U?$less@K@2@V?$allocator@U?$pair@$$CBKV?$basic_string@DU?$char_traits@D@std@@V?$allocator@D@2@@std@@@std@@@2@$0A@@std@@@std@@IAEPAU_Node@?$_Tree_nod@V?$_Tmap_traits@KV?$basic_string@DU?$char_traits@D@std@@V?$allocator@D@2@@std@@U?$less@K@2@V?$allocator@U?$pair@$$CBKV?$basic_string@DU?$char_traits@D@std@@V?$allocator@D@2@@std@@@std@@@2@$0A@@std@@@2@PAU342@00ABU?$pair@$$CBKV?$basic_string@DU?$char_traits@D@std@@V?$allocator@D@2@@std@@@2@D@Z 10003100 f i aucmanager.obj
 0001:000021a0       ?_Buynode@?$_Tree@V?$_Tmap_traits@KPAVCVersionMgr@@U?$less@K@std@@V?$allocator@U?$pair@$$CBKPAVCVersionMgr@@@std@@@3@$0A@@std@@@std@@IAEPAU_Node@?$_Tree_nod@V?$_Tmap_traits@KPAVCVersionMgr@@U?$less@K@std@@V?$allocator@U?$pair@$$CBKPAVCVersionMgr@@@std@@@3@$0A@@std@@@2@XZ 100031a0 f i vermanager.obj
 0001:000021a0       ?_Buynode@?$_Tree@V?$_Tmap_traits@KPAVCUploadSysThread@@U?$less@K@std@@V?$allocator@U?$pair@$$CBKPAVCUploadSysThread@@@std@@@3@$0A@@std@@@std@@IAEPAU_Node@?$_Tree_nod@V?$_Tmap_traits@KPAVCUploadSysThread@@U?$less@K@std@@V?$allocator@U?$pair@$$CBKPAVCUploadSysThread@@@std@@@3@$0A@@std@@@2@XZ 100031a0 f i uploadsys.obj
 0001:000021a0       ?_Buynode@?$_Tree@V?$_Tmap_traits@KKU?$less@K@std@@V?$allocator@U?$pair@$$CBKK@std@@@2@$0A@@std@@@std@@IAEPAU_Node@?$_Tree_nod@V?$_Tmap_traits@KKU?$less@K@std@@V?$allocator@U?$pair@$$CBKK@std@@@2@$0A@@std@@@2@XZ 100031a0 f i rtspwraper.obj
 0001:000021a0       ?_Buynode@?$_Tree@V?$_Tmap_traits@KPAUtagHandleParam@@U?$less@K@std@@V?$allocator@U?$pair@$$CBKPAUtagHandleParam@@@std@@@3@$0A@@std@@@std@@IAEPAU_Node@?$_Tree_nod@V?$_Tmap_traits@KPAUtagHandleParam@@U?$less@K@std@@V?$allocator@U?$pair@$$CBKPAUtagHandleParam@@@std@@@3@$0A@@std@@@2@XZ 100031a0 f i aucmanager.obj
 0001:000021e0       ?_Dec@const_iterator@?$_Tree@V?$_Tmap_traits@KV?$basic_string@DU?$char_traits@D@std@@V?$allocator@D@2@@std@@U?$less@K@2@V?$allocator@U?$pair@$$CBKV?$basic_string@DU?$char_traits@D@std@@V?$allocator@D@2@@std@@@std@@@2@$0A@@std@@@std@@QAEXXZ 100031e0 f i aucmanager.obj
 0001:00002270       ?_Inc@const_iterator@?$_Tree@V?$_Tmap_traits@KV?$basic_string@DU?$char_traits@D@std@@V?$allocator@D@2@@std@@U?$less@K@2@V?$allocator@U?$pair@$$CBKV?$basic_string@DU?$char_traits@D@std@@V?$allocator@D@2@@std@@@std@@@2@$0A@@std@@@std@@QAEXXZ 10003270 f i aucmanager.obj
 0001:000022e0       ?_Max@?$_Tree@V?$_Tmap_traits@KV?$basic_string@DU?$char_traits@D@std@@V?$allocator@D@2@@std@@U?$less@K@2@V?$allocator@U?$pair@$$CBKV?$basic_string@DU?$char_traits@D@std@@V?$allocator@D@2@@std@@@std@@@2@$0A@@std@@@std@@KAPAU_Node@?$_Tree_nod@V?$_Tmap_traits@KV?$basic_string@DU?$char_traits@D@std@@V?$allocator@D@2@@std@@U?$less@K@2@V?$allocator@U?$pair@$$CBKV?$basic_string@DU?$char_traits@D@std@@V?$allocator@D@2@@std@@@std@@@2@$0A@@std@@@2@PAU342@@Z 100032e0 f i aucmanager.obj
 0001:00002300       ??$_Allocate@U_Node@?$_Tree_nod@V?$_Tmap_traits@KPAVCUploadSysThread@@U?$less@K@std@@V?$allocator@U?$pair@$$CBKPAVCUploadSysThread@@@std@@@3@$0A@@std@@@std@@@std@@YAPAU_Node@?$_Tree_nod@V?$_Tmap_traits@KPAVCUploadSysThread@@U?$less@K@std@@V?$allocator@U?$pair@$$CBKPAVCUploadSysThread@@@std@@@3@$0A@@std@@@0@IPAU120@@Z 10003300 f i uploadsys.obj
 0001:00002300       ??$_Allocate@U_Node@?$_Tree_nod@V?$_Tmap_traits@KKU?$less@K@std@@V?$allocator@U?$pair@$$CBKK@std@@@2@$0A@@std@@@std@@@std@@YAPAU_Node@?$_Tree_nod@V?$_Tmap_traits@KKU?$less@K@std@@V?$allocator@U?$pair@$$CBKK@std@@@2@$0A@@std@@@0@IPAU120@@Z 10003300 f i rtspwraper.obj
 0001:00002300       ??$_Allocate@U_Node@?$_Tree_nod@V?$_Tmap_traits@KPAUtagHandleParam@@U?$less@K@std@@V?$allocator@U?$pair@$$CBKPAUtagHandleParam@@@std@@@3@$0A@@std@@@std@@@std@@YAPAU_Node@?$_Tree_nod@V?$_Tmap_traits@KPAUtagHandleParam@@U?$less@K@std@@V?$allocator@U?$pair@$$CBKPAUtagHandleParam@@@std@@@3@$0A@@std@@@0@IPAU120@@Z 10003300 f i aucmanager.obj
 0001:00002300       ??$_Allocate@U_Node@?$_Tree_nod@V?$_Tmap_traits@KPAVCVersionMgr@@U?$less@K@std@@V?$allocator@U?$pair@$$CBKPAVCVersionMgr@@@std@@@3@$0A@@std@@@std@@@std@@YAPAU_Node@?$_Tree_nod@V?$_Tmap_traits@KPAVCVersionMgr@@U?$less@K@std@@V?$allocator@U?$pair@$$CBKPAVCVersionMgr@@@std@@@3@$0A@@std@@@0@IPAU120@@Z 10003300 f i vermanager.obj
 0001:00002360       ??$_Allocate@V_Aux_cont@std@@@std@@YAPAV_Aux_cont@0@IPAV10@@Z 10003360 f i aucmanager.obj
 0001:000023b0       ??0bad_alloc@std@@QAE@ABV01@@Z 100033b0 f i aucmanager.obj
 0001:000023d0       ??0parse_error@rapidxml@@QAE@PBDPAX@Z 100033d0 f i cgipro_normal.obj
 0001:00002400       ?what@parse_error@rapidxml@@UBEPBDXZ 10003400 f i cgipro_normal.obj
 0001:00002410       ??_Eparse_error@rapidxml@@UAEPAXI@Z 10003410 f i  CIL library: CIL module
 0001:00002410       ??_Gparse_error@rapidxml@@UAEPAXI@Z 10003410 f i cgipro_normal.obj
 0001:00002430       ??1parse_error@rapidxml@@UAE@XZ 10003430 f i cgipro_normal.obj
 0001:00002440       ??1xml_documentmem@rapidxml@@QAE@XZ 10003440 f i cgipro_normal.obj
 0001:00002470       ?allock_value@xml_documentmem@rapidxml@@QAEPADH@Z 10003470 f i cgipro_normal.obj
 0001:000024a0       ?AtlThrowImpl@ATL@@YGXJ@Z  100034a0 f i cgipro_normal.obj
 0001:000024c0       ??0CTime@ATL@@QAE@HHHHHHH@Z 100034c0 f i cgipro_normal.obj
 0001:00002590       ?Analvze_XmlStr@cgixml@@YA_NPAV?$xml_node@D@rapidxml@@PAD1@Z 10003590 f   cgipro_normal.obj
 0001:00002640       ?Analvze_XmlHugeStr@cgixml@@YA_NPAV?$xml_node@D@rapidxml@@PAD1@Z 10003640 f   cgipro_normal.obj
 0001:00002700       ?Analvze_XmlData@cgixml@@YA_NPAV?$xml_node@D@rapidxml@@PAD1@Z 10003700 f   cgipro_normal.obj
 0001:00002770       ?Analvze_XmlBool@cgixml@@YA_NPAV?$xml_node@D@rapidxml@@PADPA_N@Z 10003770 f   cgipro_normal.obj
 0001:00002830       ?Analvze_XmlU8@cgixml@@YA_NPAV?$xml_node@D@rapidxml@@PADPAE@Z 10003830 f   cgipro_normal.obj
 0001:000028e0       ?Analvze_XmlU16@cgixml@@YA_NPAV?$xml_node@D@rapidxml@@PADPAG@Z 100038e0 f   cgipro_normal.obj
 0001:00002990       ?Analvze_XmlU32@cgixml@@YA_NPAV?$xml_node@D@rapidxml@@PADPAK@Z 10003990 f   cgipro_normal.obj
 0001:00002a30       ?Analvze_XmlINT@cgixml@@YA_NPAV?$xml_node@D@rapidxml@@PADPAH@Z 10003a30 f   cgipro_normal.obj
 0001:00002ae0       ?Analvze_Result@cgixml@@YAKPAD@Z 10003ae0 f   cgipro_normal.obj
 0001:00002c90       ??1?$xml_document@D@rapidxml@@QAE@XZ 10003c90 f i cgipro_normal.obj
 0001:00002ca0       ?Analvze_Attribute@cgixml@@YA_NPAV?$xml_node@D@rapidxml@@PAD1@Z 10003ca0 f   cgipro_normal.obj
 0001:00002e30       ?Analvze_Attribute2@cgixml@@YA_NPAV?$xml_node@D@rapidxml@@PAD1@Z 10003e30 f   cgipro_normal.obj
 0001:00002f10       ?Analvze_XmlStrNode@cgixml@@YA_NPAV?$xml_node@D@rapidxml@@PAD1PAX@Z 10003f10 f   cgipro_normal.obj
 0001:00002f70       ?Analvze_XmlStrSonNodeAll@cgixml@@YA_NPAV?$xml_node@D@rapidxml@@PADPAX@Z 10003f70 f   cgipro_normal.obj
 0001:00003000       ?Analvze_XmlStrSonNodeWeekDay@cgixml@@YA_NPAV?$xml_node@D@rapidxml@@PADPAX@Z 10004000 f   cgipro_normal.obj
 0001:000030f0       ?AddNode_First@cgixml@@YAPAV?$xml_node@D@rapidxml@@AAV?$xml_document@D@3@PAD@Z 100040f0 f   cgipro_normal.obj
 0001:000031d0       ?AddNode_U32@cgixml@@YAPAV?$xml_node@D@rapidxml@@AAV?$xml_document@D@3@PAV23@PADK@Z 100041d0 f   cgipro_normal.obj
 0001:00003290       ?AddNode_bool@cgixml@@YAPAV?$xml_node@D@rapidxml@@AAV?$xml_document@D@3@PAV23@PAD_N@Z 10004290 f   cgipro_normal.obj
 0001:000032f0       ?AddNode_str@cgixml@@YAPAV?$xml_node@D@rapidxml@@AAV?$xml_document@D@3@PAV23@PAD2@Z 100042f0 f   cgipro_normal.obj
 0001:00003330       ?AddNode_strIrcut@cgixml@@YAPAV?$xml_node@D@rapidxml@@AAV?$xml_document@D@3@PAV23@PAD2PAX@Z 10004330 f   cgipro_normal.obj
 0001:00003480       ?AddNode_UpnpMap@cgixml@@YAPAV?$xml_node@D@rapidxml@@AAV?$xml_document@D@3@PAV23@PADPAX@Z 10004480 f   cgipro_normal.obj
 0001:000035d0       ?AddNode_GbEncChns@cgixml@@YAPAV?$xml_node@D@rapidxml@@AAV?$xml_document@D@3@PAV23@PADPAX@Z 100045d0 f   cgipro_normal.obj
 0001:000036c0       ?AddNode_GbAlmChns@cgixml@@YAPAV?$xml_node@D@rapidxml@@AAV?$xml_document@D@3@PAV23@PADPAX@Z 100046c0 f   cgipro_normal.obj
 0001:000037a0       ?AddNode_StrgDisk@cgixml@@YAPAV?$xml_node@D@rapidxml@@AAV?$xml_document@D@3@PAV23@PADPAX@Z 100047a0 f   cgipro_normal.obj
 0001:000038e0       ?AddNode_DetectArea@cgixml@@YAPAV?$xml_node@D@rapidxml@@AAV?$xml_document@D@3@PAV23@PADPAX@Z 100048e0 f   cgipro_normal.obj
 0001:00003980       ?AddNode_DetectAreas@cgixml@@YAPAV?$xml_node@D@rapidxml@@AAV?$xml_document@D@3@PAV23@PAD@Z 10004980 f   cgipro_normal.obj
 0001:00003a40       ?AddNode_WarningLine@cgixml@@YAPAV?$xml_node@D@rapidxml@@AAV?$xml_document@D@3@PAV23@PADPAX@Z 10004a40 f   cgipro_normal.obj
 0001:00003fe0       ?AddNode_RegInvasion@cgixml@@YAPAV?$xml_node@D@rapidxml@@AAV?$xml_document@D@3@PAV23@PADPAX@Z 10004fe0 f   cgipro_normal.obj
 0001:00004580       ?AddNode_ObjDetect@cgixml@@YAPAV?$xml_node@D@rapidxml@@AAV?$xml_document@D@3@PAV23@PADPAX@Z 10005580 f   cgipro_normal.obj
 0001:00004af0       ?AddNode_PerDetect@cgixml@@YAPAV?$xml_node@D@rapidxml@@AAV?$xml_document@D@3@PAV23@PADPAX@Z 10005af0 f   cgipro_normal.obj
 0001:00004fb0       ?AddNode_DetectA1List@cgixml@@YAPAV?$xml_node@D@rapidxml@@AAV?$xml_document@D@3@PAV23@PADPAX@Z 10005fb0 f   cgipro_normal.obj
 0001:00005040       ?AddNode_AreaPoint@cgixml@@YAPAV?$xml_node@D@rapidxml@@AAV?$xml_document@D@3@PAV23@PADPAX@Z 10006040 f   cgipro_normal.obj
 0001:000050c0       ?AddNode_EventTime@cgixml@@YAPAV?$xml_node@D@rapidxml@@AAV?$xml_document@D@3@PAV23@PADPAXH@Z 100060c0 f   cgipro_normal.obj
 0001:00005240       ?AddNode_PtzCruisePath@cgixml@@YAPAV?$xml_node@D@rapidxml@@AAV?$xml_document@D@3@PAV23@PADPAXH@Z 10006240 f   cgipro_normal.obj
 0001:00005350       ?AddNode_TaskWeek@cgixml@@YAPAV?$xml_node@D@rapidxml@@AAV?$xml_document@D@3@PAV23@PADH@Z 10006350 f   cgipro_normal.obj
 0001:00005350       ?AddNode_EventWeek@cgixml@@YAPAV?$xml_node@D@rapidxml@@AAV?$xml_document@D@3@PAV23@PADH@Z 10006350 f   cgipro_normal.obj
 0001:00005440       ?AddNode_TaskTime@cgixml@@YAPAV?$xml_node@D@rapidxml@@AAV?$xml_document@D@3@PAV23@PADPAXH@Z 10006440 f   cgipro_normal.obj
 0001:000056c0       ?AddNode_AudioList@cgixml@@YAPAV?$xml_node@D@rapidxml@@AAV?$xml_document@D@3@PAV23@PADH@Z 100066c0 f   cgipro_normal.obj
 0001:00005770       ?AddNode_OsdList@cgixml@@YAPAV?$xml_node@D@rapidxml@@AAV?$xml_document@D@3@PAV23@PADPAX@Z 10006770 f   cgipro_normal.obj
 0001:00005960       ?Build_HttpHeader@cginormal@@YA_NPAD00H@Z 10006960 f   cgipro_normal.obj
 0001:00005ad0       ?Build_HttpHeader@cginormal@@YA_NPAD000H@Z 10006ad0 f   cgipro_normal.obj
 0001:00005c80       ?Build_HttpHeader_Upload@cginormal@@YA_NPAD00HH@Z 10006c80 f   cgipro_normal.obj
 0001:00005df0       ?Build_SendXml_EventTime@cginormal@@YA_NPADPBD00@Z 10006df0 f   cgipro_normal.obj
 0001:00006450       ?Analvze_EventTime@cginormal@@YA_NPAD0PAXHH0AAH@Z 10007450 f   cgipro_normal.obj
 0001:00006740       ?Build_SetEventTime@cginormal@@YA_NAAPADAAPBDPAD2PAXHH@Z 10007740 f   cgipro_normal.obj
 0001:00006cb0       ?Build_SendXml_Cap@cginormal@@YA_NPADPBDGQAPAD@Z 10007cb0 f   cgipro_normal.obj
 0001:00006e90       ?Analvze_cap@cginormal@@YA_NPADGQAPADQAK@Z 10007e90 f   cgipro_normal.obj
 0001:000070e0       ?Build_CGIVer@cginormal@@YA_NPADPBD@Z 100080e0 f   cgipro_normal.obj
 0001:000072a0       ?Analvze_CGIVer@cginormal@@YA_NPAD0@Z 100082a0 f   cgipro_normal.obj
 0001:000073d0       ?Build_SendXml_TransData@cginormal@@YA_NPADPBD00H@Z 100083d0 f   cgipro_normal.obj
 0001:000076e0       ?Analvze_TransData@cginormal@@YA_NPAD00AAH@Z 100086e0 f   cgipro_normal.obj
 0001:00007840       ?Build_StartVideo_Rtcp@cgivideo@@YA_NPADAAPADAAPBDPAXHAAH@Z 10008840 f   cgipro_normal.obj
 0001:00008190       ?Analvze_StartVideo_Rtcp@cgivideo@@YA_NPADAAKPAXAAHH@Z 10009190 f   cgipro_normal.obj
 0001:00008330       ?Build_StopVideo_Rtcp@cgivideo@@YA_NAAPADAAPBDK@Z 10009330 f   cgipro_normal.obj
 0001:00008550       ?Build_GetRtspURL_CgiMeta@cgivideo@@YA_NAAPADPADPAXAAPBD2HH@Z 10009550 f   cgipro_normal.obj
 0001:00008820       ?Build_GetRtspURL@cgivideo@@YA_NAAPADPADPAXAAPBDW4emPlayVideoType@@AA_N2H@Z 10009820 f   cgipro_normal.obj
 0001:000090d0       ?Analvze_GetRtspURL@cgivideo@@YA_NPAD_NPAXAAH@Z 1000a0d0 f   cgipro_normal.obj
 0001:000092c0       ?Build_KeyFrameQur_RTCP@cgivideo@@YA_NAAPADAAPBDK@Z 1000a2c0 f   cgipro_normal.obj
 0001:000094e0       ?Build_StartCall_Rtcp@cgivideo@@YAKAAPADPADW4emTransType@@AAPBDPAXAAH@Z 1000a4e0 f   cgipro_normal.obj
 0001:000098e0       ?Build_StopCall_Rtcp@cgivideo@@YA_NAAPADAAPBDK@Z 1000a8e0 f   cgipro_normal.obj
 0001:00009b00       ?Analvze_CallState@cgivideo@@YA_NPADPAXAAH@Z 1000ab00 f   cgipro_normal.obj
 0001:00009c30       ?Build_PuSnapShop@cgivideo@@YA_NAAPADAAPBDE@Z 1000ac30 f   cgipro_normal.obj
 0001:00009e20       ?Analvze_PuSnapShop@cgivideo@@YA_NPAD0@Z 1000ae20 f   cgipro_normal.obj
 0001:00009f50       ?Build_PuPicData@cgivideo@@YA_NAAPADPAD@Z 1000af50 f   cgipro_normal.obj
 0001:0000a050       ?Analvze_GetVideoVolume_Rtcp@cgivideo@@YA_NPADPAXAAH@Z 1000b050 f   cgipro_normal.obj
 0001:0000a1b0       ?Build_SetVideoVolume_Rtcp@cgivideo@@YA_NAAPADAAPBDPAXH@Z 1000b1b0 f   cgipro_normal.obj
 0001:0000a400       ?Build_GetMulitVideoMode@cgivideo@@YA_NAAPADAAPBDE@Z 1000b400 f   cgipro_normal.obj
 0001:0000a660       ?Build_SetMulitVideoMode@cgivideo@@YA_NAAPADAAPBDPAXH@Z 1000b660 f   cgipro_normal.obj
 0001:0000a950       ?Analvze_GetMulitVideoMode@cgivideo@@YA_NPADPAXAAH@Z 1000b950 f   cgipro_normal.obj
 0001:0000aaa0       ?Build_GetAudioDec@cgivideo@@YA_NAAPADAAPBDEE@Z 1000baa0 f   cgipro_normal.obj
 0001:0000ad10       ?Build_SetAudioDec@cgivideo@@YA_NAAPADAAPBDPAXH@Z 1000bd10 f   cgipro_normal.obj
 0001:0000aff0       ?Analvze_GetAudioDec@cgivideo@@YA_NPADPAXAAH@Z 1000bff0 f   cgipro_normal.obj
 0001:0000b150       ?Build_GetAudioEec@cgivideo@@YA_NAAPADAAPBDEE@Z 1000c150 f   cgipro_normal.obj
 0001:0000b3c0       ?Build_SetAudioEec@cgivideo@@YA_NAAPADAAPBDPAXH@Z 1000c3c0 f   cgipro_normal.obj
 0001:0000b760       ?Analvze_GetAudioEnc@cgivideo@@YA_NPADPAXAAH02@Z 1000c760 f   cgipro_normal.obj
 0001:0000ba30       ?Build_GetVideoEnc@cgivideo@@YA_NAAPADAAPBDEE@Z 1000ca30 f   cgipro_normal.obj
 0001:0000bca0       ?Build_SetVideoEnc@cgivideo@@YA_NAAPADAAPBDPAXH@Z 1000cca0 f   cgipro_normal.obj
 0001:0000c0d0       ?Analvze_GetVideoEnc@cgivideo@@YA_NPADPAXAAH02@Z 1000d0d0 f   cgipro_normal.obj
 0001:0000c6b0       ?Build_GetVideoShield@cgivideo@@YA_NAAPADAAPBDE@Z 1000d6b0 f   cgipro_normal.obj
 0001:0000c910       ?Build_SetVideoShield@cgivideo@@YA_NAAPADAAPBDPAXH@Z 1000d910 f   cgipro_normal.obj
 0001:0000cf80       ?Analvze_GetVideoShield@cgivideo@@YA_NPADPAXAAH02@Z 1000df80 f   cgipro_normal.obj
 0001:0000d460       ?Build_GetVideoRoi@cgivideo@@YA_NAAPADAAPBDE@Z 1000e460 f   cgipro_normal.obj
 0001:0000d6c0       ?Build_SetVideoRoi@cgivideo@@YA_NAAPADAAPBDPAXH@Z 1000e6c0 f   cgipro_normal.obj
 0001:0000dc20       ?Analvze_GetVideoRoi@cgivideo@@YA_NPADPAXAAH@Z 1000ec20 f   cgipro_normal.obj
 0001:0000dff0       ?Build_GetVideoEncCut@cgivideo@@YA_NAAPADAAPBDE@Z 1000eff0 f   cgipro_normal.obj
 0001:0000e250       ?Build_SetVideoEncCut@cgivideo@@YA_NAAPADAAPBDPAXH@Z 1000f250 f   cgipro_normal.obj
 0001:0000e6d0       ?Analvze_GetVideoEncCut@cgivideo@@YA_NPADPAXAAH@Z 1000f6d0 f   cgipro_normal.obj
 0001:0000e8c0       ?Build_GetOsdStateQuery@cgivideo@@YA_NAAPADAAPBDE@Z 1000f8c0 f   cgipro_normal.obj
 0001:0000eb20       ?Analvze_GetOsdStateQuery@cgivideo@@YA_NPADPAXAAH02@Z 1000fb20 f   cgipro_normal.obj
 0001:0000ecc0       ?Build_SetOsdPrepare@cgivideo@@YA_NAAPADAAPBDPAXH@Z 1000fcc0 f   cgipro_normal.obj
 0001:0000f010       ?Build_SetOsdUploadFile@cgivideo@@YA_NAAPADAAPBDPAXH@Z 10010010 f   cgipro_normal.obj
 0001:0000f340       ?Build_GetOsd@cgivideo@@YA_NAAPADAAPBDE@Z 10010340 f   cgipro_normal.obj
 0001:0000f340       ?Build_GetOsdCap@cgivideo@@YA_NAAPADAAPBDE@Z 10010340 f   cgipro_normal.obj
 0001:0000f340       ?Build_GetOsdList@cgivideo@@YA_NAAPADAAPBDE@Z 10010340 f   cgipro_normal.obj
 0001:0000f5a0       ?Analvze_GetOsdCap@cgivideo@@YA_NPADPAXAAH@Z 100105a0 f   cgipro_normal.obj
 0001:0000f950       ?Build_SetOsd@cgivideo@@YA_NAAPADAAPBDPAXH@Z 10010950 f   cgipro_normal.obj
 0001:0000fea0       ?Analvze_GetOsd@cgivideo@@YA_NPADPAXAAH02@Z 10010ea0 f   cgipro_normal.obj
 0001:00010140       ?Analvze_GetOsdList@cgivideo@@YA_NPADPAXAAH@Z 10011140 f   cgipro_normal.obj
 0001:000103d0       ?Build_SetOsdList@cgivideo@@YA_NAAPADAAPBDPAXH@Z 100113d0 f   cgipro_normal.obj
 0001:000107a0       ?Build_GetRecMonthInfo@cgivideo@@YA_NAAPADAAPBDH@Z 100117a0 f   cgipro_normal.obj
 0001:00010aa0       ?Analvze_GetRecMonthInfo@cgivideo@@YA_NPADPAXAAH@Z 10011aa0 f   cgipro_normal.obj
 0001:00010ca0       ?Build_GetPreLoadRecordList@cgivideo@@YA_NAAPADAAPBDPAXH@Z 10011ca0 f   cgipro_normal.obj
 0001:00011010       ?Analvze_GetPreLoadRecordList@cgivideo@@YA_NPADAAK@Z 10012010 f   cgipro_normal.obj
 0001:00011160       ?Build_GetRecordNext@cgivideo@@YA_NAAPADAAPBDKKH@Z 10012160 f   cgipro_normal.obj
 0001:000113a0       ?Analvze_GetRecordNext@cgivideo@@YA_NPADPAXHAAHAA_N@Z 100123a0 f   cgipro_normal.obj
 0001:00011a50       ?Build_StartRecordPlay@cgivideo@@YA_NAAPADAAPBD_NPAXH@Z 10012a50 f   cgipro_normal.obj
 0001:00011dd0       ?Analvze_StartRecordPlay@cgivideo@@YA_NPADAAHPAXH@Z 10012dd0 f   cgipro_normal.obj
 0001:00011f40       ?Build_StartStream@cgivideo@@YA_NAAPADAAPBDK@Z 10012f40 f   cgipro_normal.obj
 0001:00012160       ?Build_PauseRecordPlay@cgivideo@@YA_NAAPADAAPBDK@Z 10013160 f   cgipro_normal.obj
 0001:00012430       ?Build_ResumeRecordPlay@cgivideo@@YA_NAAPADAAPBDK@Z 10013430 f   cgipro_normal.obj
 0001:00012700       ?Build_StopRecordPlay@cgivideo@@YA_NAAPADAAPBDK@Z 10013700 f   cgipro_normal.obj
 0001:00012990       ?Build_MoveRecordPlay@cgivideo@@YA_NAAPADAAPBDKPAXH@Z 10013990 f   cgipro_normal.obj
 0001:00012c60       ?Build_SetRecordPlayRate@cgivideo@@YA_NAAPADAAPBDKK@Z 10013c60 f   cgipro_normal.obj
 0001:00012f70       ?Build_Getrecplaystate@cgivideo@@YA_NAAPADAAPBDK@Z 10013f70 f   cgipro_normal.obj
 0001:00013190       ?Build_Setrecdownloadspeed@cgivideo@@YA_NAAPADAAPBD@Z 10014190 f   cgipro_normal.obj
 0001:00013350       ?Analvze_Getrecplaystate@cgivideo@@YA_NPADPAXAAH@Z 10014350 f   cgipro_normal.obj
 0001:000134d0       ?Build_RecoveryDef@cgiimage@@YA_NAAPADAAPBDPAXH@Z 100144d0 f   cgipro_normal.obj
 0001:00013750       ?Build_GetColor@cgiimage@@YA_NAAPADAAPBDE@Z 10014750 f   cgipro_normal.obj
 0001:000139b0       ?Build_SetColor@cgiimage@@YA_NAAPADAAPBDPAXH@Z 100149b0 f   cgipro_normal.obj
 0001:00013cc0       ?Analvze_GetColor@cgiimage@@YA_NPADPAXAAH@Z 10014cc0 f   cgipro_normal.obj
 0001:00013e40       ?Build_GetFocus@cgiimage@@YA_NAAPADAAPBDE@Z 10014e40 f   cgipro_normal.obj
 0001:00014040       ?Analvze_GetFocus@cgiimage@@YA_NPADPAXAAH02@Z 10015040 f   cgipro_normal.obj
 0001:00014340       ?Build_SetFocus@cgiimage@@YA_NAAPADAAPBDPAXH@Z 10015340 f   cgipro_normal.obj
 0001:00014640       ?Build_GetWhiteBlance@cgiimage@@YA_NAAPADAAPBDE@Z 10015640 f   cgipro_normal.obj
 0001:00014840       ?Build_SetWhiteBlance@cgiimage@@YA_NAAPADAAPBDPAXH@Z 10015840 f   cgipro_normal.obj
 0001:00014b60       ?Analvze_GetWhiteBlance@cgiimage@@YA_NPADPAXAAH02@Z 10015b60 f   cgipro_normal.obj
 0001:00014d90       ?Build_GetIrcutFilter@cgiimage@@YA_NAAPADAAPBDE@Z 10015d90 f   cgipro_normal.obj
 0001:00014f90       ?Analvze_GetIrcutFilter@cgiimage@@YA_NPADPAXAAH02@Z 10015f90 f   cgipro_normal.obj
 0001:00015180       ?Build_SetIrcutFilter@cgiimage@@YA_NAAPADAAPBDPAXH@Z 10016180 f   cgipro_normal.obj
 0001:000155d0       ?Build_GetIris@cgiimage@@YA_NAAPADAAPBDE@Z 100165d0 f   cgipro_normal.obj
 0001:000157d0       ?Analvze_GetIris@cgiimage@@YA_NPADPAXAAH@Z 100167d0 f   cgipro_normal.obj
 0001:00015950       ?Build_SetIris@cgiimage@@YA_NAAPADAAPBDPAXH@Z 10016950 f   cgipro_normal.obj
 0001:00015bf0       ?Build_GetShutter@cgiimage@@YA_NAAPADAAPBDE@Z 10016bf0 f   cgipro_normal.obj
 0001:00015e00       ?Build_SetShutter@cgiimage@@YA_NAAPADAAPBDPAXH@Z 10016e00 f   cgipro_normal.obj
 0001:00016100       ?Analvze_GetShutter@cgiimage@@YA_NPADPAXAAH02@Z 10017100 f   cgipro_normal.obj
 0001:00016400       ?Build_GetGain@cgiimage@@YA_NAAPADAAPBDE@Z 10017400 f   cgipro_normal.obj
 0001:00016600       ?Build_SetGain@cgiimage@@YA_NAAPADAAPBDPAXH@Z 10017600 f   cgipro_normal.obj
 0001:000168a0       ?Analvze_GetGain@cgiimage@@YA_NPADPAXAAH@Z 100178a0 f   cgipro_normal.obj
 0001:00016a20       ?Build_GetInfrared@cgiimage@@YA_NAAPADAAPBDE@Z 10017a20 f   cgipro_normal.obj
 0001:00016c20       ?Analvze_GetInfrared@cgiimage@@YA_NPADPAXAAH02@Z 10017c20 f   cgipro_normal.obj
 0001:00016dc0       ?Build_SetInfrared@cgiimage@@YA_NAAPADAAPBDPAXH@Z 10017dc0 f   cgipro_normal.obj
 0001:00017060       ?Build_GetLaser@cgiimage@@YA_NAAPADAAPBDE@Z 10018060 f   cgipro_normal.obj
 0001:00017260       ?Analvze_GetLaser@cgiimage@@YA_NPADPAXAAH02@Z 10018260 f   cgipro_normal.obj
 0001:00017420       ?Build_SetLaser@cgiimage@@YA_NAAPADAAPBDPAXH@Z 10018420 f   cgipro_normal.obj
 0001:00017700       ?Build_GetCorrido@cgiimage@@YA_NAAPADAAPBDE@Z 10018700 f   cgipro_normal.obj
 0001:00017960       ?Analvze_GetCorrido@cgiimage@@YA_NPADPAXAAH02@Z 10018960 f   cgipro_normal.obj
 0001:00017af0       ?Build_SetCorrido@cgiimage@@YA_NAAPADAAPBDPAXH@Z 10018af0 f   cgipro_normal.obj
 0001:00017de0       ?Build_GetImageMode@cgiimage@@YA_NAAPADAAPBDE@Z 10018de0 f   cgipro_normal.obj
 0001:00018040       ?Analvze_GetImageMode@cgiimage@@YA_NPADPAXAAH02@Z 10019040 f   cgipro_normal.obj
 0001:000181d0       ?Build_SetImageMode@cgiimage@@YA_NAAPADAAPBDPAXH@Z 100191d0 f   cgipro_normal.obj
 0001:000184c0       ?Build_GetNoiseReduce2D@cgiimage@@YA_NAAPADAAPBDE@Z 100194c0 f   cgipro_normal.obj
 0001:00018720       ?Build_SetNoiseReduce2D@cgiimage@@YA_NAAPADAAPBDPAXH@Z 10019720 f   cgipro_normal.obj
 0001:00018a30       ?Analvze_GetNoiseReduce2D@cgiimage@@YA_NPADPAXAAH02@Z 10019a30 f   cgipro_normal.obj
 0001:00018bd0       ?Build_GetNoiseReduce3D@cgiimage@@YA_NAAPADAAPBDE@Z 10019bd0 f   cgipro_normal.obj
 0001:00018e30       ?Build_SetNoiseReduce3D@cgiimage@@YA_NAAPADAAPBDPAXH@Z 10019e30 f   cgipro_normal.obj
 0001:00019140       ?Analvze_GetNoiseReduce3D@cgiimage@@YA_NPADPAXAAH02@Z 1001a140 f   cgipro_normal.obj
 0001:000192e0       ?Build_GetLocalEcho@cgiimage@@YA_NAAPADAAPBDE@Z 1001a2e0 f   cgipro_normal.obj
 0001:00019540       ?Build_SetLocalEcho@cgiimage@@YA_NAAPADAAPBDPAXH@Z 1001a540 f   cgipro_normal.obj
 0001:00019830       ?Analvze_GetLocalEcho@cgiimage@@YA_NPADPAXAAH02@Z 1001a830 f   cgipro_normal.obj
 0001:000199c0       ?Build_GetPowerLineFrequency@cgiimage@@YA_NAAPADAAPBDE@Z 1001a9c0 f   cgipro_normal.obj
 0001:00019c20       ?Build_SetPowerLineFrequency@cgiimage@@YA_NAAPADAAPBDPAXH@Z 1001ac20 f   cgipro_normal.obj
 0001:00019f10       ?Analvze_GetPowerLineFrequency@cgiimage@@YA_NPADPAXAAH02@Z 1001af10 f   cgipro_normal.obj
 0001:0001a0a0       ?Build_GetWdr@cgiimage@@YA_NAAPADAAPBDE@Z 1001b0a0 f   cgipro_normal.obj
 0001:0001a300       ?Build_SetWdr@cgiimage@@YA_NAAPADAAPBDPAXH@Z 1001b300 f   cgipro_normal.obj
 0001:0001a610       ?Analvze_GetWdr@cgiimage@@YA_NPADPAXAAH@Z 1001b610 f   cgipro_normal.obj
 0001:0001a760       ?Build_GetHlc@cgiimage@@YA_NAAPADAAPBDE@Z 1001b760 f   cgipro_normal.obj
 0001:0001a9c0       ?Build_SetHlc@cgiimage@@YA_NAAPADAAPBDPAXH@Z 1001b9c0 f   cgipro_normal.obj
 0001:0001acd0       ?Analvze_GetHlc@cgiimage@@YA_NPADPAXH@Z 1001bcd0 f   cgipro_normal.obj
 0001:0001ae10       ?Build_GetFogThough@cgiimage@@YA_NAAPADAAPBDE@Z 1001be10 f   cgipro_normal.obj
 0001:0001b070       ?Build_SetFogThough@cgiimage@@YA_NAAPADAAPBDPAXH@Z 1001c070 f   cgipro_normal.obj
 0001:0001b380       ?Analvze_GetFogThough@cgiimage@@YA_NPADPAXAAH@Z 1001c380 f   cgipro_normal.obj
 0001:0001b4d0       ?Build_GetGamma@cgiimage@@YA_NAAPADAAPBDE@Z 1001c4d0 f   cgipro_normal.obj
 0001:0001b730       ?Build_SetGamma@cgiimage@@YA_NAAPADAAPBDPAXH@Z 1001c730 f   cgipro_normal.obj
 0001:0001ba40       ?Analvze_GetGamma@cgiimage@@YA_NPADPAXAAH@Z 1001ca40 f   cgipro_normal.obj
 0001:0001bb90       ?Build_GetSmartIR@cgiimage@@YA_NAAPADAAPBDE@Z 1001cb90 f   cgipro_normal.obj
 0001:0001bdf0       ?Build_SetSmartIR@cgiimage@@YA_NAAPADAAPBDPAXH@Z 1001cdf0 f   cgipro_normal.obj
 0001:0001c100       ?Analvze_GetSmartIR@cgiimage@@YA_NPADPAXAAH@Z 1001d100 f   cgipro_normal.obj
 0001:0001c250       ?Build_GetBlc@cgiimage@@YA_NAAPADAAPBDE@Z 1001d250 f   cgipro_normal.obj
 0001:0001c4b0       ?Build_SetBlc@cgiimage@@YA_NAAPADAAPBDPAXH@Z 1001d4b0 f   cgipro_normal.obj
 0001:0001c980       ?Analvze_GetBlc@cgiimage@@YA_NPADPAXAAH02@Z 1001d980 f   cgipro_normal.obj
 0001:0001ccc0       ?Build_AssTeleZoomInfo@cgiimage@@YA_NAAPADAAPBDPAXH@Z 1001dcc0 f   cgipro_normal.obj
 0001:0001d040       ?Build_GetAssTeleZoomInfo@cgiimage@@YA_NAAPADAAPBD@Z 1001e040 f   cgipro_normal.obj
 0001:0001d2a0       ?Analvze_AssTeleZoomInfo@cgiimage@@YA_NPADPAXH@Z 1001e2a0 f   cgipro_normal.obj
 0001:0001d550       ?Build_AssMalfInfo@cgiimage@@YA_NAAPADAAPBDPAXH@Z 1001e550 f   cgipro_normal.obj
 0001:0001d7b0       ?Build_GetAssMalfInfo@cgiimage@@YA_NAAPADAAPBD@Z 1001e7b0 f   cgipro_normal.obj
 0001:0001da10       ?Analvze_AssMalfInfo@cgiimage@@YA_NPADPAXH@Z 1001ea10 f   cgipro_normal.obj
 0001:0001dbc0       ?Build_SetMTCF@cgiimage@@YA_NAAPADAAPBDPAXH@Z 1001ebc0 f   cgipro_normal.obj
 0001:0001ddf0       ?Build_GetMTCF@cgiimage@@YA_NAAPADAAPBD@Z 1001edf0 f   cgipro_normal.obj
 0001:0001e050       ?Analvze_GetMTCF@cgiimage@@YA_NPADPAXH@Z 1001f050 f   cgipro_normal.obj
 0001:0001e200       ?Build_GetFillLight@cgiimage@@YA_NAAPADAAPBD@Z 1001f200 f   cgipro_normal.obj
 0001:0001e460       ?Analvze_GetFillLight@cgiimage@@YA_NPADPAXH@Z 1001f460 f   cgipro_normal.obj
 0001:0001e5c0       ?Build_SetFillLight@cgiimage@@YA_NAAPADAAPBDPAXH@Z 1001f5c0 f   cgipro_normal.obj
 0001:0001e8b0       ?Build_SetDynPluginState@cgiimage@@YA_NAAPADAAPBDPAXH@Z 1001f8b0 f   cgipro_normal.obj
 0001:0001ead0       ?Analvze_AucId@cgiauc@@YA_NPAD0@Z 1001fad0 f   cgipro_normal.obj
 0001:0001ec80       ?Build_AucInfo@cgiauc@@YA_NAAV?$basic_string@DU?$char_traits@D@std@@V?$allocator@D@2@@std@@PAD111@Z 1001fc80 f   cgipro_normal.obj
 0001:0001f0f0       ?Build_SendXml_DeviceInfo@cgisystem@@YA_NPADPBDPAXH@Z 100200f0 f   cgipro_normal.obj
 0001:0001f350       ?Build_SendXml_SystemTime@cgisystem@@YA_NPADPBDPAXH@Z 10020350 f   cgipro_normal.obj
 0001:0001f350       ?Build_SendXml_SetSysTimeSynChronise@cgisystem@@YA_NPADPBDPAXH@Z 10020350 f   cgipro_normal.obj
 0001:0001f7a0       ?Build_SendXml_TimeAuto@cgisystem@@YA_NPADPBDPAXH@Z 100207a0 f   cgipro_normal.obj
 0001:0001fb50       ?Build_SendXml_SetDST@cgisystem@@YA_NPADPBDPAXH@Z 10020b50 f   cgipro_normal.obj
 0001:000201f0       ?Build_SendXml_SetRSInfo@cgisystem@@YA_NPADPBDPAXH@Z 100211f0 f   cgipro_normal.obj
 0001:000205f0       ?Build_SendXml_SetLedFind@cgisystem@@YA_NPADPBDPAXH@Z 100215f0 f   cgipro_normal.obj
 0001:000208f0       ?Build_SendXml_SystemReboot@cgisystem@@YA_NPADPBDPAXH@Z 100218f0 f   cgipro_normal.obj
 0001:00020af0       ?Build_SendXml_RecoverFactory@cgisystem@@YA_NPADPBDPAXH@Z 10021af0 f   cgipro_normal.obj
 0001:00020df0       ?Build_SendXml_UserActive@cgisystem@@YA_NPADPAXH@Z 10021df0 f   cgipro_normal.obj
 0001:000210b0       ?Build_SendXml_SetAdvance@cgisystem@@YA_NPADPBDPAXH@Z 100220b0 f   cgipro_normal.obj
 0001:00021500       ?Build_SendXml_SetPreUploadCfg@cgisystem@@YA_NPADPBDPAXH@Z 10022500 f   cgipro_normal.obj
 0001:00021780       ?Build_SendXml_SetUploadCfg@cgisystem@@YA_NPADPBDPAXHH@Z 10022780 f   cgipro_normal.obj
 0001:00021ab0       ?Build_SendXml_SetPreUploadSys@cgisystem@@YA_NPADPBDHH0H@Z 10022ab0 f   cgipro_normal.obj
 0001:00021d70       ?Analvze_DeviceInfo@cgisystem@@YA_NPADPAXH@Z 10022d70 f   cgipro_normal.obj
 0001:00021f00       ?Analvze_SystemTime@cgisystem@@YA_NPADPAXAAH@Z 10022f00 f   cgipro_normal.obj
 0001:00022090       ?Analvze_TimeAuto@cgisystem@@YA_NPADPAXH@Z 10023090 f   cgipro_normal.obj
 0001:00022260       ?Analvze_GetDST@cgisystem@@YA_NPADPAXH@Z 10023260 f   cgipro_normal.obj
 0001:00022450       ?Analvze_GetRSInfo@cgisystem@@YA_NPADPAXH@Z 10023450 f   cgipro_normal.obj
 0001:00022600       ?Analvze_GetAdvance@cgisystem@@YA_NPADPAXH@Z 10023600 f   cgipro_normal.obj
 0001:000227d0       ?Analvze_GetPreDownload@cgisystem@@YA_NPADPAXH@Z 100237d0 f   cgipro_normal.obj
 0001:00022900       ?Analvze_GetDownload@cgisystem@@YA_NPADPAH10@Z 10023900 f   cgipro_normal.obj
 0001:00022a60       ?Analvze_GetUploadState@cgisystem@@YA_NPAD0PAH@Z 10023a60 f   cgipro_normal.obj
 0001:00022be0       ?Analvze_BatteryStatus@cgisystem@@YA_NPADPAXH@Z 10023be0 f   cgipro_normal.obj
 0001:00022d20       ?Build_SendXml_SetSSH@cgisystem@@YA_NPADPBD_N@Z 10023d20 f   cgipro_normal.obj
 0001:00023000       ?Build_SendXml_AddUser@cgisecurity@@YA_NPADPBDPAXH@Z 10024000 f   cgipro_normal.obj
 0001:000234e0       ?Build_SendXml_DelUser@cgisecurity@@YA_NPADPBDPAXH@Z 100244e0 f   cgipro_normal.obj
 0001:000237f0       ?Build_SendXml_UpdateUser@cgisecurity@@YA_NPADPBDPAXH@Z 100247f0 f   cgipro_normal.obj
 0001:00023d10       ?Build_SendXml_SetUsers@cgisecurity@@YA_NPADPBDPAXH@Z 10024d10 f   cgipro_normal.obj
 0001:00024240       ?Analvze_GetUsers@cgisecurity@@YA_NPADPAXAAH2@Z 10025240 f   cgipro_normal.obj
 0001:00024500       ?Analvze_NetPort@cginet@@YA_NPADPAXH@Z 10025500 f   cgipro_normal.obj
 0001:00024670       ?Build_SetNetPort@cginet@@YA_NAAPADAAPBDPAXH@Z 10025670 f   cgipro_normal.obj
 0001:000248f0       ?Analvze_IP@cginet@@YA_NPADPAXH@Z 100258f0 f   cgipro_normal.obj
 0001:00024e20       ?Build_SetIp@cginet@@YA_NAAPADAAPBDPAXH@Z 10025e20 f   cgipro_normal.obj
 0001:000254d0       ?Analvze_Ddns@cginet@@YA_NPADPAXHQADH@Z 100264d0 f   cgipro_normal.obj
 0001:00025690       ?Build_SetDdns@cginet@@YA_NAAPADAAPBDPAXH@Z 10026690 f   cgipro_normal.obj
 0001:00025a90       ?Analvze_DdnsState@cginet@@YA_NPADPAXH@Z 10026a90 f   cgipro_normal.obj
 0001:00025bc0       ?Analvze_PPPoE@cginet@@YA_NPADPAXH@Z 10026bc0 f   cgipro_normal.obj
 0001:00025d70       ?Build_SetPppoe@cginet@@YA_NAAPADAAPBDPAXH@Z 10026d70 f   cgipro_normal.obj
 0001:000260d0       ?Analvze_Qos@cginet@@YA_NPADPAXH@Z 100270d0 f   cgipro_normal.obj
 0001:00026230       ?Build_SetQos@cginet@@YA_NAAPADAAPBDPAXH@Z 10027230 f   cgipro_normal.obj
 0001:00026480       ?Analvze_KSnmp@cginet@@YA_NPADPAXH@Z 10027480 f   cgipro_normal.obj
 0001:00026650       ?Build_SetKSnmp@cginet@@YA_NAAPADAAPBDPAXH@Z 10027650 f   cgipro_normal.obj
 0001:00026990       ?Analvze_8021x@cginet@@YA_NPADPAXHQADH@Z 10027990 f   cgipro_normal.obj
 0001:00026ba0       ?Build_Set8021x@cginet@@YA_NAAPADAAPBDPAXH@Z 10027ba0 f   cgipro_normal.obj
 0001:00026fb0       ?Analvze_Upnp@cginet@@YA_NPADPAXH1HAAH@Z 10027fb0 f   cgipro_normal.obj
 0001:00027230       ?Build_SetUpnp@cginet@@YA_NAAPADAAPBDPAXH2HAAH@Z 10028230 f   cgipro_normal.obj
 0001:000275d0       ?Analvze_Vsip@cginet@@YA_NPADPAXH@Z 100285d0 f   cgipro_normal.obj
 0001:000277d0       ?Build_SetVsip@cginet@@YA_NAAPADAAPBDPAXH@Z 100287d0 f   cgipro_normal.obj
 0001:00027c80       ?Analvze_Onvif@cginet@@YA_NPADPAXH@Z 10028c80 f   cgipro_normal.obj
 0001:00027dd0       ?Build_SetOnvif@cginet@@YA_NAAPADAAPBDPAXH@Z 10028dd0 f   cgipro_normal.obj
 0001:00028030       ?Build_SendXml_Dpss@cginet@@YA_NPADPBD@Z 10029030 f   cgipro_normal.obj
 0001:000281f0       ?Analvze_Dpss@cginet@@YA_NPADPAXH@Z 100291f0 f   cgipro_normal.obj
 0001:000283b0       ?Build_SetDpss@cginet@@YA_NAAPADAAPBDPAXH@Z 100293b0 f   cgipro_normal.obj
 0001:00028760       ?Build_SendXml_AuthMode@cginet@@YA_NAAPADPBD@Z 10029760 f   cgipro_normal.obj
 0001:00028920       ?Analvze_AuthMode@cginet@@YA_NPADPAXH@Z 10029920 f   cgipro_normal.obj
 0001:00028a50       ?Build_SetAuthMode@cginet@@YA_NAAPADAAPBDPAXH@Z 10029a50 f   cgipro_normal.obj
 0001:00028ca0       ?Build_SendXml_GB28181@cginet@@YA_NPAD0@Z 10029ca0 f   cgipro_normal.obj
 0001:00028d40       ?Analvze_GB28181@cginet@@YA_NPADPAXH1AAH12QADH@Z 10029d40 f   cgipro_normal.obj
 0001:00029260       ?Build_SetGB28181@cginet@@YA_NAAPADAAPBDPADPAXH3H3H@Z 1002a260 f   cgipro_normal.obj
 0001:00029ae0       ?Build_SendXml_Wlan@cginet@@YA_NPAD@Z 1002aae0 f   cgipro_normal.obj
 0001:00029b50       ?Analvze_Wlan@cginet@@YA_NPADPAXH@Z 1002ab50 f   cgipro_normal.obj
 0001:00029ce0       ?Build_SetWlan@cginet@@YA_NAAPADAAPBDPAXH@Z 1002ace0 f   cgipro_normal.obj
 0001:0002a040       ?Analvze_StorageState@cgistorage@@YA_NPADPAXH0AAH@Z 1002b040 f   cgipro_normal.obj
 0001:0002a1c0       ?Analvze_StorageNum@cgistorage@@YA_NPADAAH@Z 1002b1c0 f   cgipro_normal.obj
 0001:0002a310       ?Analvze_StorageManager@cgistorage@@YA_NPADPAXH0AAH@Z 1002b310 f   cgipro_normal.obj
 0001:0002a6c0       ?Build_SetStorageManager@cgistorage@@YA_NAAPADAAPBDPAXH@Z 1002b6c0 f   cgipro_normal.obj
 0001:0002a9f0       ?Build_SetStorageFomat@cgistorage@@YA_NAAPADAAPBDPAXH@Z 1002b9f0 f   cgipro_normal.obj
 0001:0002ac40       ?Build_SendXml_FomatProgress@cgistorage@@YA_NPADPBD@Z 1002bc40 f   cgipro_normal.obj
 0001:0002ae70       ?Analvze_FomatProgress@cgistorage@@YA_NPADPAXH@Z 1002be70 f   cgipro_normal.obj
 0001:0002afc0       ?Analvze_RecSchedule@cgistorage@@YA_NPADPAXH0AAH@Z 1002bfc0 f   cgipro_normal.obj
 0001:0002b2a0       ?Build_SetRecSchedule@cgistorage@@YA_NAAPADAAPBDPAXH@Z 1002c2a0 f   cgipro_normal.obj
 0001:0002b5e0       ?Analvze_SnapPicConfig@cgistorage@@YA_NPADPAXH0AAH@Z 1002c5e0 f   cgipro_normal.obj
 0001:0002b820       ?Build_SetSnapPicConfig@cgistorage@@YA_NAAPADAAPBDPAXH@Z 1002c820 f   cgipro_normal.obj
 0001:0002bb10       ?Analvze_SnapEvent@cgistorage@@YA_NPADPAXH@Z 1002cb10 f   cgipro_normal.obj
 0001:0002bc70       ?Build_SetSnapEvent@cgistorage@@YA_NAAPADAAPBDPAXH@Z 1002cc70 f   cgipro_normal.obj
 0001:0002bef0       ?Analvze_SnapTime@cgistorage@@YA_NPADPAXH@Z 1002cef0 f   cgipro_normal.obj
 0001:0002c060       ?Build_SetSnapTime@cgistorage@@YA_NAAPADAAPBDPAXH@Z 1002d060 f   cgipro_normal.obj
 0001:0002c320       ?Analvze_Detect@cgievent@@YA_NPADPAXH1H0AAH@Z 1002d320 f   cgipro_normal.obj
 0001:0002c830       ?Build_SetDetect@cgievent@@YA_NAAPADAAPBDPAXH2H@Z 1002d830 f   cgipro_normal.obj
 0001:0002cdc0       ?Analvze_ShieldAlarm@cgievent@@YA_NPADPAXH1H0AAH@Z 1002ddc0 f   cgipro_normal.obj
 0001:0002d2f0       ?Build_SetShieldAlarm@cgievent@@YA_NAAPADAAPBDPAXH2H@Z 1002e2f0 f   cgipro_normal.obj
 0001:0002d880       ?Analvze_WarningLine@cgievent@@YA_NPADPAXH@Z 1002e880 f   cgipro_normal.obj
 0001:0002de90       ?Build_SetWarningLine@cgievent@@YA_NAAPADAAPBDPAXH@Z 1002ee90 f   cgipro_normal.obj
 0001:0002e1f0       ?Analvze_AreaDetect@cgievent@@YA_NPADPAXH@Z 1002f1f0 f   cgipro_normal.obj
 0001:0002e860       ?Build_SetAreaDetect@cgievent@@YA_NAAPADAAPBDPAXHH@Z 1002f860 f   cgipro_normal.obj
 0001:0002ec10       ?Analvze_ObjectDetect@cgievent@@YA_NPADPAXH@Z 1002fc10 f   cgipro_normal.obj
 0001:0002f230       ?Build_SetObjectDetect@cgievent@@YA_NAAPADAAPBDPAXHH@Z 10030230 f   cgipro_normal.obj
 0001:0002f5d0       ?Analvze_PersonDetect@cgievent@@YA_NPADPAXH@Z 100305d0 f   cgipro_normal.obj
 0001:0002fa50       ?Build_SetPersonDetect@cgievent@@YA_NAAPADAAPBDPAXHH@Z 10030a50 f   cgipro_normal.obj
 0001:0002fdc0       ?Analvze_VirtualFocus@cgievent@@YA_NPADPAXH@Z 10030dc0 f   cgipro_normal.obj
 0001:000300c0       ?Build_SetVirtualFocus@cgievent@@YA_NAAPADAAPBDPAXH@Z 100310c0 f   cgipro_normal.obj
 0001:000304b0       ?Analvze_SightChange@cgievent@@YA_NPADPAXH@Z 100314b0 f   cgipro_normal.obj
 0001:000307c0       ?Build_SetSightChange@cgievent@@YA_NAAPADAAPBDPAXH@Z 100317c0 f   cgipro_normal.obj
 0001:00030bf0       ?Analvze_AudioExcept@cgievent@@YA_NPADPAXH@Z 10031bf0 f   cgipro_normal.obj
 0001:00030ef0       ?Build_SetAudioExcept@cgievent@@YA_NAAPADAAPBDPAXH@Z 10031ef0 f   cgipro_normal.obj
 0001:000312e0       ?Analvze_FaceDetect@cgievent@@YA_NPADPAXH@Z 100322e0 f   cgipro_normal.obj
 0001:00031420       ?Build_SetFaceDetect@cgievent@@YA_NAAPADAAPBDPAXH@Z 10032420 f   cgipro_normal.obj
 0001:00031640       ?Build_SendXml_AlarmIn@cgievent@@YA_NAAPBDPAD1@Z 10032640 f   cgipro_normal.obj
 0001:00031900       ?Analvze_AlarmIn@cgievent@@YA_NPADPAXH0AAH@Z 10032900 f   cgipro_normal.obj
 0001:00031ce0       ?Build_SetAlarmIn@cgievent@@YA_NAAPADAAPBDPAXH@Z 10032ce0 f   cgipro_normal.obj
 0001:000321e0       ?Build_SendXml_AlarmOut@cgievent@@YA_NAAPBDPAD@Z 100331e0 f   cgipro_normal.obj
 0001:000324b0       ?Analvze_AlarmOut@cgievent@@YA_NPADPAXH@Z 100334b0 f   cgipro_normal.obj
 0001:00032620       ?Build_SetAlarmOut@cgievent@@YA_NAAPADAAPBDPAXH@Z 10033620 f   cgipro_normal.obj
 0001:000328d0       ?Analvze_ExceptType@cgievent@@YA_NPADPAXH@Z 100338d0 f   cgipro_normal.obj
 0001:00032a20       ?Build_SendXml_Except@cgievent@@YA_NAAPBDPAD1@Z 10033a20 f   cgipro_normal.obj
 0001:00032ce0       ?Analvze_Except@cgievent@@YA_NPAD0PAXH0AAH@Z 10033ce0 f   cgipro_normal.obj
 0001:00032fc0       ?Build_SetExcept@cgievent@@YA_NAAPADAAPBDPAXH@Z 10033fc0 f   cgipro_normal.obj
 0001:00033400       ?Build_SetPtzMove@cgiptz@@YA_NAAPADAAPBDPAXH@Z 10034400 f   cgipro_normal.obj
 0001:000339d0       ?Build_SetPtzZoneZoom@cgiptz@@YA_NAAPADAAPBDPAXH@Z 100349d0 f   cgipro_normal.obj
 0001:00033cc0       ?Build_SetPtzGotoPoint@cgiptz@@YA_NAAPADAAPBDPAXH@Z 10034cc0 f   cgipro_normal.obj
 0001:00033f90       ?Build_SetPtzWiper@cgiptz@@YA_NAAPADAAPBDPAXH@Z 10034f90 f   cgipro_normal.obj
 0001:00034260       ?Build_SetPtzRefactory@cgiptz@@YA_NAAPADAAPBDPAXH@Z 10035260 f   cgipro_normal.obj
 0001:00034510       ?Analvze_PtzBase@cgiptz@@YA_NPADPAXH@Z 10035510 f   cgipro_normal.obj
 0001:00034690       ?Build_SetPtzBase@cgiptz@@YA_NAAPADAAPBDPAXH@Z 10035690 f   cgipro_normal.obj
 0001:00034940       ?Analvze_PtzMainTain@cgiptz@@YA_NPADPAXH@Z 10035940 f   cgipro_normal.obj
 0001:00034ac0       ?Build_SetPtzMainTain@cgiptz@@YA_NAAPADAAPBDPAXH@Z 10035ac0 f   cgipro_normal.obj
 0001:00034d70       ?Analvze_PtzWatchOn@cgiptz@@YA_NPADPAXH0AAH@Z 10035d70 f   cgipro_normal.obj
 0001:00034f70       ?Build_SetPtzWatchOn@cgiptz@@YA_NAAPADAAPBDPAXH@Z 10035f70 f   cgipro_normal.obj
 0001:00035420       ?Build_SendXml_PtzPreset@cgiptz@@YA_NAAPBDEPAD@Z 10036420 f   cgipro_normal.obj
 0001:00035480       ?Analvze_PtzPreset@cgiptz@@YA_NPADEPAXH@Z 10036480 f   cgipro_normal.obj
 0001:00035600       ?Build_SetPtzPreset@cgiptz@@YA_NAAPADAAPBDPAXH@Z 10036600 f   cgipro_normal.obj
 0001:00035910       ?Analvze_PtzLimit@cgiptz@@YA_NPADPAXH@Z 10036910 f   cgipro_normal.obj
 0001:00035a70       ?Build_SetPtzLimit@cgiptz@@YA_NAAPADAAPBDPAXH@Z 10036a70 f   cgipro_normal.obj
 0001:00035dc0       ?Build_SendXml_PtzPathCruise@cgiptz@@YA_NAAPBDEPAD@Z 10036dc0 f   cgipro_normal.obj
 0001:00035e20       ?Analvze_PtzPathCruise@cgiptz@@YA_NPADEPAXAAH@Z 10036e20 f   cgipro_normal.obj
 0001:00036010       ?Build_SetPtzPathCruise@cgiptz@@YA_NAAPADAAPBDEPAXH@Z 10037010 f   cgipro_normal.obj
 0001:00036420       ?Build_SetPtzPathCruiseEvent@cgiptz@@YA_NAAPADAAPBDPAXH@Z 10037420 f   cgipro_normal.obj
 0001:000366e0       ?Analvze_TimeTask@cgiptz@@YA_NPADPAXH1HH0AAH@Z 100376e0 f   cgipro_normal.obj
 0001:00036a20       ?Build_SetTimeTask@cgiptz@@YA_NAAPADAAPBDPAXH2HH@Z 10037a20 f   cgipro_normal.obj
 0001:00036d50       ?Analvze_PtzCoorDinate@cgiptz@@YA_NPADPAXH0AAH@Z 10037d50 f   cgipro_normal.obj
 0001:00036f90       ?Build_SetPtzCoorDinateEvt@cgiptz@@YA_NAAPADAAPBDPAXH@Z 10037f90 f   cgipro_normal.obj
 0001:00037550       ?Analvze_PtzRatio@cgiptz@@YA_NPADPAXH@Z 10038550 f   cgipro_normal.obj
 0001:000376f0       ?Build_SetPtzRatio@cgiptz@@YA_NAAPADAAPBDPAXH@Z 100386f0 f   cgipro_normal.obj
 0001:00037a00       ?Analvze_PtzPatterns@cgiptz@@YA_NPADPAXAAH@Z 10038a00 f   cgipro_normal.obj
 0001:00037bc0       ?Build_SetPtzPatternEvt@cgiptz@@YA_NAAPADAAPBDPAXH@Z 10038bc0 f   cgipro_normal.obj
 0001:000382d0       ?first_node@?$xml_node@D@rapidxml@@QBEPAV12@PBDI_N@Z 100392d0 f i cgipro_normal.obj
 0001:00038350       ?last_node@?$xml_node@D@rapidxml@@QBEPAV12@PBDI_N@Z 10039350 f i cgipro_normal.obj
 0001:000383c0       ?next_sibling@?$xml_node@D@rapidxml@@QBEPAV12@PBDI_N@Z 100393c0 f i cgipro_normal.obj
 0001:00038430       ?first_attribute@?$xml_node@D@rapidxml@@QBEPAV?$xml_attribute@D@2@PBDI_N@Z 10039430 f i cgipro_normal.obj
 0001:000384a0       ?append_node@?$xml_node@D@rapidxml@@QAEXPAV12@@Z 100394a0 f i cgipro_normal.obj
 0001:000384d0       ?append_attribute@?$xml_node@D@rapidxml@@QAEXPAV?$xml_attribute@D@2@@Z 100394d0 f i cgipro_normal.obj
 0001:00038500       ??0?$xml_document@D@rapidxml@@QAE@XZ 10039500 f i cgipro_normal.obj
 0001:00038540       ?allocate_node@?$memory_pool@D@rapidxml@@QAEPAV?$xml_node@D@2@W4node_type@2@PBD1II@Z 10039540 f i cgipro_normal.obj
 0001:00038600       ?allocate_attribute@?$memory_pool@D@rapidxml@@QAEPAV?$xml_attribute@D@2@PBD0II@Z 10039600 f i cgipro_normal.obj
 0001:000386c0       ?allocate_string@?$memory_pool@D@rapidxml@@QAEPADPBDI@Z 100396c0 f i cgipro_normal.obj
 0001:00038710       ?clear@?$memory_pool@D@rapidxml@@QAEXXZ 10039710 f i cgipro_normal.obj
 0001:00038770       ?allocate_aligned@?$memory_pool@D@rapidxml@@AAEPAXI@Z 10039770 f i cgipro_normal.obj
 0001:000387e0       ??$parse@$0A@@?$xml_document@D@rapidxml@@QAEXPAD@Z 100397e0 f i cgipro_normal.obj
 0001:000388e0       ??0parse_error@rapidxml@@QAE@ABV01@@Z 100398e0 f i cgipro_normal.obj
 0001:00038910       ??$parse_node@$0A@@?$xml_document@D@rapidxml@@AAEPAV?$xml_node@D@1@AAPAD@Z 10039910 f i cgipro_normal.obj
 0001:00038aa0       ??$print_node@V?$back_insert_iterator@V?$basic_string@DU?$char_traits@D@std@@V?$allocator@D@2@@std@@@std@@D@internal@rapidxml@@YA?AV?$back_insert_iterator@V?$basic_string@DU?$char_traits@D@std@@V?$allocator@D@2@@std@@@std@@V23@PBV?$xml_node@D@1@HH@Z 10039aa0 f i cgipro_normal.obj
 0001:00038c10       ??$parse_element@$0A@@?$xml_document@D@rapidxml@@AAEPAV?$xml_node@D@1@AAPAD@Z 10039c10 f i cgipro_normal.obj
 0001:00038de0       ??$parse_xml_declaration@$0A@@?$xml_document@D@rapidxml@@AAEPAV?$xml_node@D@1@AAPAD@Z 10039de0 f i cgipro_normal.obj
 0001:00038de0       ??$parse_pi@$0A@@?$xml_document@D@rapidxml@@AAEPAV?$xml_node@D@1@AAPAD@Z 10039de0 f i cgipro_normal.obj
 0001:00038e40       ??$parse_comment@$0A@@?$xml_document@D@rapidxml@@AAEPAV?$xml_node@D@1@AAPAD@Z 10039e40 f i cgipro_normal.obj
 0001:00038ea0       ??$parse_cdata@$0A@@?$xml_document@D@rapidxml@@AAEPAV?$xml_node@D@1@AAPAD@Z 10039ea0 f i cgipro_normal.obj
 0001:00038f30       ??$parse_doctype@$0A@@?$xml_document@D@rapidxml@@AAEPAV?$xml_node@D@1@AAPAD@Z 10039f30 f i cgipro_normal.obj
 0001:00038ff0       ??$print_children@V?$back_insert_iterator@V?$basic_string@DU?$char_traits@D@std@@V?$allocator@D@2@@std@@@std@@D@internal@rapidxml@@YA?AV?$back_insert_iterator@V?$basic_string@DU?$char_traits@D@std@@V?$allocator@D@2@@std@@@std@@V23@PBV?$xml_node@D@1@HH@Z 10039ff0 f i cgipro_normal.obj
 0001:00039040       ??$print_element_node@V?$back_insert_iterator@V?$basic_string@DU?$char_traits@D@std@@V?$allocator@D@2@@std@@@std@@D@internal@rapidxml@@YA?AV?$back_insert_iterator@V?$basic_string@DU?$char_traits@D@std@@V?$allocator@D@2@@std@@@std@@V23@PBV?$xml_node@D@1@HH@Z 1003a040 f i cgipro_normal.obj
 0001:00039250       ??$print_data_node@V?$back_insert_iterator@V?$basic_string@DU?$char_traits@D@std@@V?$allocator@D@2@@std@@@std@@D@internal@rapidxml@@YA?AV?$back_insert_iterator@V?$basic_string@DU?$char_traits@D@std@@V?$allocator@D@2@@std@@@std@@V23@PBV?$xml_node@D@1@HH@Z 1003a250 f i cgipro_normal.obj
 0001:000392c0       ??$print_cdata_node@V?$back_insert_iterator@V?$basic_string@DU?$char_traits@D@std@@V?$allocator@D@2@@std@@@std@@D@internal@rapidxml@@YA?AV?$back_insert_iterator@V?$basic_string@DU?$char_traits@D@std@@V?$allocator@D@2@@std@@@std@@V23@PBV?$xml_node@D@1@HH@Z 1003a2c0 f i cgipro_normal.obj
 0001:000393d0       ??$print_declaration_node@V?$back_insert_iterator@V?$basic_string@DU?$char_traits@D@std@@V?$allocator@D@2@@std@@@std@@D@internal@rapidxml@@YA?AV?$back_insert_iterator@V?$basic_string@DU?$char_traits@D@std@@V?$allocator@D@2@@std@@@std@@V23@PBV?$xml_node@D@1@HH@Z 1003a3d0 f i cgipro_normal.obj
 0001:00039470       ??$print_comment_node@V?$back_insert_iterator@V?$basic_string@DU?$char_traits@D@std@@V?$allocator@D@2@@std@@@std@@D@internal@rapidxml@@YA?AV?$back_insert_iterator@V?$basic_string@DU?$char_traits@D@std@@V?$allocator@D@2@@std@@@std@@V23@PBV?$xml_node@D@1@HH@Z 1003a470 f i cgipro_normal.obj
 0001:00039540       ??$print_doctype_node@V?$back_insert_iterator@V?$basic_string@DU?$char_traits@D@std@@V?$allocator@D@2@@std@@@std@@D@internal@rapidxml@@YA?AV?$back_insert_iterator@V?$basic_string@DU?$char_traits@D@std@@V?$allocator@D@2@@std@@@std@@V23@PBV?$xml_node@D@1@HH@Z 1003a540 f i cgipro_normal.obj
 0001:00039640       ??$print_pi_node@V?$back_insert_iterator@V?$basic_string@DU?$char_traits@D@std@@V?$allocator@D@2@@std@@@std@@D@internal@rapidxml@@YA?AV?$back_insert_iterator@V?$basic_string@DU?$char_traits@D@std@@V?$allocator@D@2@@std@@@std@@V23@PBV?$xml_node@D@1@HH@Z 1003a640 f i cgipro_normal.obj
 0001:00039740       ??$parse_node_attributes@$0A@@?$xml_document@D@rapidxml@@AAEXAAPADPAV?$xml_node@D@1@@Z 1003a740 f i cgipro_normal.obj
 0001:000399e0       ??$parse_node_contents@$0A@@?$xml_document@D@rapidxml@@AAEXAAPADPAV?$xml_node@D@1@@Z 1003a9e0 f i cgipro_normal.obj
 0001:00039b20       ??$fill_chars@V?$back_insert_iterator@V?$basic_string@DU?$char_traits@D@std@@V?$allocator@D@2@@std@@@std@@D@internal@rapidxml@@YA?AV?$back_insert_iterator@V?$basic_string@DU?$char_traits@D@std@@V?$allocator@D@2@@std@@@std@@V23@HD@Z 1003ab20 f i cgipro_normal.obj
 0001:00039b60       ??$print_attributes@V?$back_insert_iterator@V?$basic_string@DU?$char_traits@D@std@@V?$allocator@D@2@@std@@@std@@D@internal@rapidxml@@YA?AV?$back_insert_iterator@V?$basic_string@DU?$char_traits@D@std@@V?$allocator@D@2@@std@@@std@@V23@PBV?$xml_node@D@1@H@Z 1003ab60 f i cgipro_normal.obj
 0001:00039cf0       ??$copy_and_expand_chars@V?$back_insert_iterator@V?$basic_string@DU?$char_traits@D@std@@V?$allocator@D@2@@std@@@std@@D@internal@rapidxml@@YA?AV?$back_insert_iterator@V?$basic_string@DU?$char_traits@D@std@@V?$allocator@D@2@@std@@@std@@PBD0DV23@@Z 1003acf0 f i cgipro_normal.obj
 0001:00039da0       ??$skip_and_expand_character_refs@U?$attribute_value_pred@$0CH@@?$xml_document@D@rapidxml@@U?$attribute_value_pure_pred@$0CH@@23@$0A@@?$xml_document@D@rapidxml@@CAPADAAPAD@Z 1003ada0 f i cgipro_normal.obj
 0001:00039ff0       ??$skip_and_expand_character_refs@U?$attribute_value_pred@$0CC@@?$xml_document@D@rapidxml@@U?$attribute_value_pure_pred@$0CC@@23@$0A@@?$xml_document@D@rapidxml@@CAPADAAPAD@Z 1003aff0 f i cgipro_normal.obj
 0001:0003a240       ??$parse_and_append_data@$0A@@?$xml_document@D@rapidxml@@AAEDPAV?$xml_node@D@1@AAPADPAD@Z 1003b240 f i cgipro_normal.obj
 0001:0003a330       ??$insert_coded_character@$0A@@?$xml_document@D@rapidxml@@CAXAAPADK@Z 1003b330 f i cgipro_normal.obj
 0001:0003a400       ??$skip_and_expand_character_refs@Utext_pred@?$xml_document@D@rapidxml@@Utext_pure_no_ws_pred@23@$0A@@?$xml_document@D@rapidxml@@CAPADAAPAD@Z 1003b400 f i cgipro_normal.obj
 0001:0003a660       ??1CConnectMgr@@QAE@XZ     1003b660 f   connectmgr.obj
 0001:0003a6f0       ?dectect@@YA_NKG@Z         1003b6f0 f   connectmgr.obj
 0001:0003a930       ?ProDetect@@YGIPAX@Z       1003b930 f   connectmgr.obj
 0001:0003ab10       ?_AddConnect@CConnectMgr@@QAE_NPAX0P6GXKGKKKK0@ZKKPAK@Z 1003bb10 f   connectmgr.obj
 0001:0003ac90       ?_DeleteConnect@CConnectMgr@@QAE_NPAXPAK@Z 1003bc90 f   connectmgr.obj
 0001:0003ae00       ?SetConnectInfo@CConnectMgr@@QAEXK_N@Z 1003be00 f   connectmgr.obj
 0001:0003b050       ?_IsConnect@CConnectMgr@@QAE_NKAA_NPAK@Z 1003c050 f   connectmgr.obj
 0001:0003b170       ?InitConnectMgr@CConnectMgr@@SA_NXZ 1003c170 f   connectmgr.obj
 0001:0003b220       ?ReleaseConnectMgr@CConnectMgr@@SA_NXZ 1003c220 f   connectmgr.obj
 0001:0003b290       ??A?$map@KUtagConnectInfo@@U?$less@K@std@@V?$allocator@U?$pair@$$CBKUtagConnectInfo@@@std@@@3@@std@@QAEAAUtagConnectInfo@@ABK@Z 1003c290 f i connectmgr.obj
 0001:0003b390       ?erase@?$_Tree@V?$_Tmap_traits@KUtagConnectInfo@@U?$less@K@std@@V?$allocator@U?$pair@$$CBKUtagConnectInfo@@@std@@@3@$0A@@std@@@std@@QAE?AViterator@12@Vconst_iterator@12@@Z 1003c390 f i connectmgr.obj
 0001:0003b650       ?find@?$_Tree@V?$_Tmap_traits@KUtagConnectInfo@@U?$less@K@std@@V?$allocator@U?$pair@$$CBKUtagConnectInfo@@@std@@@3@$0A@@std@@@std@@QAE?AViterator@12@ABK@Z 1003c650 f i connectmgr.obj
 0001:0003b6e0       ??0?$_Tree@V?$_Tmap_traits@KUtagConnectInfo@@U?$less@K@std@@V?$allocator@U?$pair@$$CBKUtagConnectInfo@@@std@@@3@$0A@@std@@@std@@QAE@ABU?$less@K@1@ABV?$allocator@U?$pair@$$CBKUtagConnectInfo@@@std@@@1@@Z 1003c6e0 f i connectmgr.obj
 0001:0003b760       ?insert@?$_Tree@V?$_Tmap_traits@KUtagConnectInfo@@U?$less@K@std@@V?$allocator@U?$pair@$$CBKUtagConnectInfo@@@std@@@3@$0A@@std@@@std@@QAE?AViterator@12@Vconst_iterator@12@ABU?$pair@$$CBKUtagConnectInfo@@@2@@Z 1003c760 f i connectmgr.obj
 0001:0003b940       ?_Erase@?$_Tree@V?$_Tmap_traits@KUtagConnectInfo@@U?$less@K@std@@V?$allocator@U?$pair@$$CBKUtagConnectInfo@@@std@@@3@$0A@@std@@@std@@IAEXPAU_Node@?$_Tree_nod@V?$_Tmap_traits@KUtagConnectInfo@@U?$less@K@std@@V?$allocator@U?$pair@$$CBKUtagConnectInfo@@@std@@@3@$0A@@std@@@2@@Z 1003c940 f i connectmgr.obj
 0001:0003b980       ?_Lrotate@?$_Tree@V?$_Tmap_traits@KUtagConnectInfo@@U?$less@K@std@@V?$allocator@U?$pair@$$CBKUtagConnectInfo@@@std@@@3@$0A@@std@@@std@@IAEXPAU_Node@?$_Tree_nod@V?$_Tmap_traits@KUtagConnectInfo@@U?$less@K@std@@V?$allocator@U?$pair@$$CBKUtagConnectInfo@@@std@@@3@$0A@@std@@@2@@Z 1003c980 f i connectmgr.obj
 0001:0003b9d0       ?_Max@?$_Tree@V?$_Tmap_traits@KUtagConnectInfo@@U?$less@K@std@@V?$allocator@U?$pair@$$CBKUtagConnectInfo@@@std@@@3@$0A@@std@@@std@@KAPAU_Node@?$_Tree_nod@V?$_Tmap_traits@KUtagConnectInfo@@U?$less@K@std@@V?$allocator@U?$pair@$$CBKUtagConnectInfo@@@std@@@3@$0A@@std@@@2@PAU342@@Z 1003c9d0 f i connectmgr.obj
 0001:0003b9f0       ?_Rrotate@?$_Tree@V?$_Tmap_traits@KUtagConnectInfo@@U?$less@K@std@@V?$allocator@U?$pair@$$CBKUtagConnectInfo@@@std@@@3@$0A@@std@@@std@@IAEXPAU_Node@?$_Tree_nod@V?$_Tmap_traits@KUtagConnectInfo@@U?$less@K@std@@V?$allocator@U?$pair@$$CBKUtagConnectInfo@@@std@@@3@$0A@@std@@@2@@Z 1003c9f0 f i connectmgr.obj
 0001:0003ba40       ?_Tidy@?$_Tree@V?$_Tmap_traits@KUtagConnectInfo@@U?$less@K@std@@V?$allocator@U?$pair@$$CBKUtagConnectInfo@@@std@@@3@$0A@@std@@@std@@IAEXXZ 1003ca40 f i connectmgr.obj
 0001:0003ba80       ?insert@?$_Tree@V?$_Tmap_traits@KUtagConnectInfo@@U?$less@K@std@@V?$allocator@U?$pair@$$CBKUtagConnectInfo@@@std@@@3@$0A@@std@@@std@@QAE?AU?$pair@Viterator@?$_Tree@V?$_Tmap_traits@KUtagConnectInfo@@U?$less@K@std@@V?$allocator@U?$pair@$$CBKUtagConnectInfo@@@std@@@3@$0A@@std@@@std@@_N@2@ABU?$pair@$$CBKUtagConnectInfo@@@2@@Z 1003ca80 f i connectmgr.obj
 0001:0003bb80       ?erase@?$_Tree@V?$_Tmap_traits@KUtagConnectInfo@@U?$less@K@std@@V?$allocator@U?$pair@$$CBKUtagConnectInfo@@@std@@@3@$0A@@std@@@std@@QAE?AViterator@12@Vconst_iterator@12@0@Z 1003cb80 f i connectmgr.obj
 0001:0003bc60       ?_Insert@?$_Tree@V?$_Tmap_traits@KUtagConnectInfo@@U?$less@K@std@@V?$allocator@U?$pair@$$CBKUtagConnectInfo@@@std@@@3@$0A@@std@@@std@@IAE?AViterator@12@_NPAU_Node@?$_Tree_nod@V?$_Tmap_traits@KUtagConnectInfo@@U?$less@K@std@@V?$allocator@U?$pair@$$CBKUtagConnectInfo@@@std@@@3@$0A@@std@@@2@ABU?$pair@$$CBKUtagConnectInfo@@@2@@Z 1003cc60 f i connectmgr.obj
 0001:0003be90       ?_Inc@const_iterator@?$_Tree@V?$_Tmap_traits@KUtagConnectInfo@@U?$less@K@std@@V?$allocator@U?$pair@$$CBKUtagConnectInfo@@@std@@@3@$0A@@std@@@std@@QAEXXZ 1003ce90 f i connectmgr.obj
 0001:0003bf00       ?_Buynode@?$_Tree@V?$_Tmap_traits@KUtagConnectInfo@@U?$less@K@std@@V?$allocator@U?$pair@$$CBKUtagConnectInfo@@@std@@@3@$0A@@std@@@std@@IAEPAU_Node@?$_Tree_nod@V?$_Tmap_traits@KUtagConnectInfo@@U?$less@K@std@@V?$allocator@U?$pair@$$CBKUtagConnectInfo@@@std@@@3@$0A@@std@@@2@XZ 1003cf00 f i connectmgr.obj
 0001:0003bf40       ?_Buynode@?$_Tree@V?$_Tmap_traits@KUtagConnectInfo@@U?$less@K@std@@V?$allocator@U?$pair@$$CBKUtagConnectInfo@@@std@@@3@$0A@@std@@@std@@IAEPAU_Node@?$_Tree_nod@V?$_Tmap_traits@KUtagConnectInfo@@U?$less@K@std@@V?$allocator@U?$pair@$$CBKUtagConnectInfo@@@std@@@3@$0A@@std@@@2@PAU342@00ABU?$pair@$$CBKUtagConnectInfo@@@2@D@Z 1003cf40 f i connectmgr.obj
 0001:0003bf80       ?_Dec@const_iterator@?$_Tree@V?$_Tmap_traits@KUtagConnectInfo@@U?$less@K@std@@V?$allocator@U?$pair@$$CBKUtagConnectInfo@@@std@@@3@$0A@@std@@@std@@QAEXXZ 1003cf80 f i connectmgr.obj
 0001:0003c010       ??0?$list@V?$basic_string@DU?$char_traits@D@std@@V?$allocator@D@2@@std@@V?$allocator@V?$basic_string@DU?$char_traits@D@std@@V?$allocator@D@2@@std@@@2@@std@@QAE@XZ 1003d010 f i exceptionsdk.obj
 0001:0003c080       ??1?$list@V?$basic_string@DU?$char_traits@D@std@@V?$allocator@D@2@@std@@V?$allocator@V?$basic_string@DU?$char_traits@D@std@@V?$allocator@D@2@@std@@@2@@std@@QAE@XZ 1003d080 f i exceptionsdk.obj
 0001:0003c0f0       ??1?$_List_val@V?$basic_string@DU?$char_traits@D@std@@V?$allocator@D@2@@std@@V?$allocator@V?$basic_string@DU?$char_traits@D@std@@V?$allocator@D@2@@std@@@2@@std@@QAE@XZ 1003d0f0 f i exceptionsdk.obj
 0001:0003c100       ?_Buynode@?$list@V?$basic_string@DU?$char_traits@D@std@@V?$allocator@D@2@@std@@V?$allocator@V?$basic_string@DU?$char_traits@D@std@@V?$allocator@D@2@@std@@@2@@std@@IAEPAU_Node@?$_List_nod@V?$basic_string@DU?$char_traits@D@std@@V?$allocator@D@2@@std@@V?$allocator@V?$basic_string@DU?$char_traits@D@std@@V?$allocator@D@2@@std@@@2@@2@XZ 1003d100 f i exceptionsdk.obj
 0001:0003c120       ?clear@?$list@V?$basic_string@DU?$char_traits@D@std@@V?$allocator@D@2@@std@@V?$allocator@V?$basic_string@DU?$char_traits@D@std@@V?$allocator@D@2@@std@@@2@@std@@QAEXXZ 1003d120 f i exceptionsdk.obj
 0001:0003c170       ??$_Allocate@U_Node@?$_List_nod@V?$basic_string@DU?$char_traits@D@std@@V?$allocator@D@2@@std@@V?$allocator@V?$basic_string@DU?$char_traits@D@std@@V?$allocator@D@2@@std@@@2@@std@@@std@@YAPAU_Node@?$_List_nod@V?$basic_string@DU?$char_traits@D@std@@V?$allocator@D@2@@std@@V?$allocator@V?$basic_string@DU?$char_traits@D@std@@V?$allocator@D@2@@std@@@2@@0@IPAU120@@Z 1003d170 f i exceptionsdk.obj
 0001:0003c1c0       ??0CHttpPro@@QAE@HH@Z      1003d1c0 f   httppro.obj
 0001:0003c1f0       ??1CHttpPro@@QAE@XZ        1003d1f0 f   httppro.obj
 0001:0003c210       ?InitSocket@CHttpPro@@IAE_NXZ 1003d210 f   httppro.obj
 0001:0003c260       ?Init@CHttpPro@@SA_NXZ     1003d260 f   httppro.obj
 0001:0003c2d0       ?ConnectServer@CHttpPro@@QAE_NKGK@Z 1003d2d0 f   httppro.obj
 0001:0003c450       ?Post@CHttpPro@@QAE_NKGPBDHPADH_NK@Z 1003d450 f   httppro.obj
 0001:0003c730       ?Get@CHttpPro@@QAE_NKGPAD0H_NK@Z 1003d730 f   httppro.obj
 0001:0003c9c0       ?Form@CHttpPro@@QAE_NKGPBDHPAD_NK@Z 1003d9c0 f   httppro.obj
 0001:0003cd00       ?GetImage@CHttpPro@@QAE_NKGPAD0PBDH_NK@Z 1003dd00 f   httppro.obj
 0001:0003d0a0       ?Init@CInterfaceNormal@@SAKH@Z 1003e0a0 f   interfacenormal.obj
 0001:0003d0f0       ?Release@CInterfaceNormal@@SAKXZ 1003e0f0 f   interfacenormal.obj
 0001:0003d140       ?IPC_GetEventTime@CInterfaceNormal@@SAHPAXPAD10HH1AAHPAK@Z 1003e140 f   interfacenormal.obj
 0001:0003d1b0       ?IPC_GetGB28181@CInterfaceNormal@@SAHPAXPAD0H0AAH02QADHPAK@Z 1003e1b0 f   interfacenormal.obj
 0001:0003d220       _IPC_InitDll               1003e220 f   ipcsdk.obj
 0001:0003d350       _IPC_ReleaseDll            1003e350 f   ipcsdk.obj
 0001:0003d430       _IPC_Login                 1003e430 f   ipcsdk.obj
 0001:0003d470       _IPC_Logout                1003e470 f   ipcsdk.obj
 0001:0003d4a0       _IPC_CreateHandle          1003e4a0 f   ipcsdk.obj
 0001:0003d4d0       _IPC_GetInfoFromHandle     1003e4d0 f   ipcsdk.obj
 0001:0003d4f0       _IPC_DestroyHandle         1003e4f0 f   ipcsdk.obj
 0001:0003d510       _IPC_IsConnect             1003e510 f   ipcsdk.obj
 0001:0003d540       _IPC_GetVersion            1003e540 f   ipcsdk.obj
 0001:0003d590       _IPC_GetCap                1003e590 f   ipcsdk.obj
 0001:0003d5f0       _IPC_AddConnectDetect      1003e5f0 f   ipcsdk.obj
 0001:0003d620       _IPC_DelConnectDetect      1003e620 f   ipcsdk.obj
 0001:0003d640       _IPC_GetEventTime          1003e640 f   ipcsdk.obj
 0001:0003d680       _IPC_SetEventTime          1003e680 f   ipcsdk.obj
 0001:0003d6e0       _IPC_SendTransData         1003e6e0 f   ipcsdk.obj
 0001:0003d740       _IPC_GetNetPort            1003e740 f   ipcsdk.obj
 0001:0003d790       _IPC_SetNetPort            1003e790 f   ipcsdk.obj
 0001:0003d7e0       _IPC_GetIpInfo             1003e7e0 f   ipcsdk.obj
 0001:0003d830       _IPC_SetIpInfo             1003e830 f   ipcsdk.obj
 0001:0003d880       _IPC_GetWlanInfo           1003e880 f   ipcsdk.obj
 0001:0003d8d0       _IPC_SetWlanInfo           1003e8d0 f   ipcsdk.obj
 0001:0003d920       _IPC_GetDdns               1003e920 f   ipcsdk.obj
 0001:0003d970       _IPC_SetDdns               1003e970 f   ipcsdk.obj
 0001:0003d9c0       _IPC_GetDdnsState          1003e9c0 f   ipcsdk.obj
 0001:0003da10       _IPC_GetPPPoE              1003ea10 f   ipcsdk.obj
 0001:0003da60       _IPC_SetPPPoE              1003ea60 f   ipcsdk.obj
 0001:0003dab0       _IPC_GetQos                1003eab0 f   ipcsdk.obj
 0001:0003db00       _IPC_SetQos                1003eb00 f   ipcsdk.obj
 0001:0003db50       _IPC_GetKSnmp              1003eb50 f   ipcsdk.obj
 0001:0003dba0       _IPC_SetKSnmp              1003eba0 f   ipcsdk.obj
 0001:0003dbf0       _IPC_Get8021x              1003ebf0 f   ipcsdk.obj
 0001:0003dc40       _IPC_Set8021x              1003ec40 f   ipcsdk.obj
 0001:0003dc90       _IPC_GetUPnP               1003ec90 f   ipcsdk.obj
 0001:0003dcf0       _IPC_SetUPnP               1003ecf0 f   ipcsdk.obj
 0001:0003dd50       _IPC_GetVsip               1003ed50 f   ipcsdk.obj
 0001:0003dda0       _IPC_SetVsip               1003eda0 f   ipcsdk.obj
 0001:0003ddf0       _IPC_GetOnvif              1003edf0 f   ipcsdk.obj
 0001:0003de40       _IPC_SetOnvif              1003ee40 f   ipcsdk.obj
 0001:0003de90       _IPC_GetDpss               1003ee90 f   ipcsdk.obj
 0001:0003dee0       _IPC_SetDpss               1003eee0 f   ipcsdk.obj
 0001:0003df30       _IPC_GetAuthMode           1003ef30 f   ipcsdk.obj
 0001:0003df80       _IPC_SetAuthMode           1003ef80 f   ipcsdk.obj
 0001:0003dfd0       _IPC_GetGB28181            1003efd0 f   ipcsdk.obj
 0001:0003e010       _IPC_SetGB28181            1003f010 f   ipcsdk.obj
 0001:0003e080       _IPC_GetStorageState       1003f080 f   ipcsdk.obj
 0001:0003e0e0       _IPC_GetStorageNum         1003f0e0 f   ipcsdk.obj
 0001:0003e130       _IPC_GetStorageMgr         1003f130 f   ipcsdk.obj
 0001:0003e190       _IPC_SetStorageMgr         1003f190 f   ipcsdk.obj
 0001:0003e1e0       _IPC_DiskFomat             1003f1e0 f   ipcsdk.obj
 0001:0003e230       _IPC_GetFomatProgress      1003f230 f   ipcsdk.obj
 0001:0003e290       _IPC_GetRecSchedule        1003f290 f   ipcsdk.obj
 0001:0003e2f0       _IPC_SetRecSchedule        1003f2f0 f   ipcsdk.obj
 0001:0003e340       _IPC_GetSnapPicCfg         1003f340 f   ipcsdk.obj
 0001:0003e3a0       _IPC_SetSnapPicCfg         1003f3a0 f   ipcsdk.obj
 0001:0003e3f0       _IPC_GetSnapTime           1003f3f0 f   ipcsdk.obj
 0001:0003e440       _IPC_SetSnapTime           1003f440 f   ipcsdk.obj
 0001:0003e490       _IPC_GetSnapEvent          1003f490 f   ipcsdk.obj
 0001:0003e4e0       _IPC_SetSnapEvent          1003f4e0 f   ipcsdk.obj
 0001:0003e530       _IPC_GetDetect             1003f530 f   ipcsdk.obj
 0001:0003e5a0       _IPC_SetDetect             1003f5a0 f   ipcsdk.obj
 0001:0003e600       _IPC_GetShieldAlarm        1003f600 f   ipcsdk.obj
 0001:0003e670       _IPC_SetShieldAlarm        1003f670 f   ipcsdk.obj
 0001:0003e6d0       _IPC_GetWarningLine        1003f6d0 f   ipcsdk.obj
 0001:0003e730       _IPC_SetWarningLine        1003f730 f   ipcsdk.obj
 0001:0003e780       _IPC_GetAreaDetectEnter    1003f780 f   ipcsdk.obj
 0001:0003e7e0       _IPC_SetAreaDetectEnter    1003f7e0 f   ipcsdk.obj
 0001:0003e830       _IPC_GetAreaDetectEntry    1003f830 f   ipcsdk.obj
 0001:0003e890       _IPC_SetAreaDetectEntry    1003f890 f   ipcsdk.obj
 0001:0003e8e0       _IPC_GetAreaDetectExit     1003f8e0 f   ipcsdk.obj
 0001:0003e940       _IPC_SetAreaDetectExit     1003f940 f   ipcsdk.obj
 0001:0003e990       _IPC_GetObjectLeft         1003f990 f   ipcsdk.obj
 0001:0003e9f0       _IPC_SetObjectLeft         1003f9f0 f   ipcsdk.obj
 0001:0003ea40       _IPC_GetObjectRemoval      1003fa40 f   ipcsdk.obj
 0001:0003eaa0       _IPC_SetObjectRemoval      1003faa0 f   ipcsdk.obj
 0001:0003eaf0       _IPC_GetPersonAggregate    1003faf0 f   ipcsdk.obj
 0001:0003eb50       _IPC_SetPersonAggregate    1003fb50 f   ipcsdk.obj
 0001:0003eba0       _IPC_GetVirtualFocus       1003fba0 f   ipcsdk.obj
 0001:0003ec00       _IPC_SetVirtualFocus       1003fc00 f   ipcsdk.obj
 0001:0003ec50       _IPC_GetSightChange        1003fc50 f   ipcsdk.obj
 0001:0003ecb0       _IPC_SetSightChange        1003fcb0 f   ipcsdk.obj
 0001:0003ed00       _IPC_GetAudioExcept        1003fd00 f   ipcsdk.obj
 0001:0003ed60       _IPC_SetAudioExcept        1003fd60 f   ipcsdk.obj
 0001:0003edb0       _IPC_GetFaceDetect         1003fdb0 f   ipcsdk.obj
 0001:0003ee00       _IPC_SetFaceDetect         1003fe00 f   ipcsdk.obj
 0001:0003ee50       _IPC_GetAlarmIn            1003fe50 f   ipcsdk.obj
 0001:0003eeb0       _IPC_SetAlarmIn            1003feb0 f   ipcsdk.obj
 0001:0003ef00       _IPC_GetAlarmOut           1003ff00 f   ipcsdk.obj
 0001:0003ef60       _IPC_SetAlarmOut           1003ff60 f   ipcsdk.obj
 0001:0003efb0       _IPC_GetExceptType         1003ffb0 f   ipcsdk.obj
 0001:0003f010       _IPC_GetExcept             10040010 f   ipcsdk.obj
 0001:0003f070       _IPC_SetExcept             10040070 f   ipcsdk.obj
 0001:0003f0c0       _IPC_PtzMove               100400c0 f   ipcsdk.obj
 0001:0003f110       _IPC_PtzZoneZoom           10040110 f   ipcsdk.obj
 0001:0003f160       _IPC_PtzGotoPoint          10040160 f   ipcsdk.obj
 0001:0003f1b0       _IPC_SetPtzWiper           100401b0 f   ipcsdk.obj
 0001:0003f200       _IPC_GetPtzBase            10040200 f   ipcsdk.obj
 0001:0003f260       _IPC_SetPtzBase            10040260 f   ipcsdk.obj
 0001:0003f2b0       _IPC_GetPtzMainTain        100402b0 f   ipcsdk.obj
 0001:0003f310       _IPC_SetPtzMainTain        10040310 f   ipcsdk.obj
 0001:0003f360       _IPC_SetPtzRefactory       10040360 f   ipcsdk.obj
 0001:0003f3b0       _IPC_GetPtzWatchOn         100403b0 f   ipcsdk.obj
 0001:0003f410       _IPC_SetPtzWatchOn         10040410 f   ipcsdk.obj
 0001:0003f460       _IPC_GetPtzPreset          10040460 f   ipcsdk.obj
 0001:0003f4c0       _IPC_SetPtzPreset          100404c0 f   ipcsdk.obj
 0001:0003f510       _IPC_GetPtzLimit           10040510 f   ipcsdk.obj
 0001:0003f570       _IPC_SetPtzLimit           10040570 f   ipcsdk.obj
 0001:0003f5c0       _IPC_GetPtzPathCruise      100405c0 f   ipcsdk.obj
 0001:0003f620       _IPC_SetPtzPathCruise      10040620 f   ipcsdk.obj
 0001:0003f680       _IPC_SetPtzPathCruiseEvent 10040680 f   ipcsdk.obj
 0001:0003f6d0       _IPC_GetTimeTask           100406d0 f   ipcsdk.obj
 0001:0003f730       _IPC_SetTimeTask           10040730 f   ipcsdk.obj
 0001:0003f790       _IPC_GetPtzCoorDinate      10040790 f   ipcsdk.obj
 0001:0003f7f0       _IPC_SetPtzCoorDinateEvt   100407f0 f   ipcsdk.obj
 0001:0003f840       _IPC_GetPtzRatio           10040840 f   ipcsdk.obj
 0001:0003f8a0       _IPC_SetPtzRatio           100408a0 f   ipcsdk.obj
 0001:0003f8f0       _IPC_GetPtzPatternsInfo    100408f0 f   ipcsdk.obj
 0001:0003f940       _IPC_SetPtzPatternEvt      10040940 f   ipcsdk.obj
 0001:0003f990       _IPC_GetVideoInfo          10040990 f   ipcsdk.obj
 0001:0003f9f0       _IPC_GetRtspUrl            100409f0 f   ipcsdk.obj
 0001:0003fa50       _IPC_SendKeyFrame          10040a50 f   ipcsdk.obj
 0001:0003faa0       _IPC_StartRealPlay         10040aa0 f   ipcsdk.obj
 0001:0003fb00       _IPC_SetRtspMetaPort       10040b00 f   ipcsdk.obj
 0001:0003fb50       _IPC_RemoveRtspMetaPort    10040b50 f   ipcsdk.obj
 0001:0003fb90       _IPC_StopRealPlay          10040b90 f   ipcsdk.obj
 0001:0003fbe0       _IPC_GetVideoVolume_RTCP   10040be0 f   ipcsdk.obj
 0001:0003fc30       _IPC_SetVideoVolume_RTCP   10040c30 f   ipcsdk.obj
 0001:0003fc80       _IPC_VoiceCallState        10040c80 f   ipcsdk.obj
 0001:0003fce0       _IPC_StartVoiceCall        10040ce0 f   ipcsdk.obj
 0001:0003fd40       _IPC_StopVoiceCall         10040d40 f   ipcsdk.obj
 0001:0003fd90       _IPC_PuSnapShot            10040d90 f   ipcsdk.obj
 0001:0003fde0       _IPC_GetRecMonthInfo       10040de0 f   ipcsdk.obj
 0001:0003fe40       _IPC_GetRecordData         10040e40 f   ipcsdk.obj
 0001:0003fe90       _IPC_GetRecordNext         10040e90 f   ipcsdk.obj
 0001:0003fef0       _IPC_PreLoadRecordList     10040ef0 f   ipcsdk.obj
 0001:0003ff40       _IPC_StartRecordPlay       10040f40 f   ipcsdk.obj
 0001:0003ffa0       _IPC_StopRecordPlay        10040fa0 f   ipcsdk.obj
 0001:0003fff0       _IPC_PauseRecordPlay       10040ff0 f   ipcsdk.obj
 0001:00040040       _IPC_ResumeRecordPlay      10041040 f   ipcsdk.obj
 0001:00040090       _IPC_MoveRecordPlay        10041090 f   ipcsdk.obj
 0001:000400f0       _IPC_SetRecordPlayRate     100410f0 f   ipcsdk.obj
 0001:00040140       _IPC_Getrecplaystate       10041140 f   ipcsdk.obj
 0001:000401a0       _IPC_Setrecdownloadspeed   100411a0 f   ipcsdk.obj
 0001:000401f0       _IPC_GetMultiVideoMode     100411f0 f   ipcsdk.obj
 0001:00040250       _IPC_SetMultiVideoMode     10041250 f   ipcsdk.obj
 0001:000402a0       _IPC_GetVideoEnc           100412a0 f   ipcsdk.obj
 0001:00040310       _IPC_SetVideoEnc           10041310 f   ipcsdk.obj
 0001:00040360       _IPC_GetAudioEnc           10041360 f   ipcsdk.obj
 0001:000403c0       _IPC_SetAudioEnc           100413c0 f   ipcsdk.obj
 0001:00040410       _IPC_GetAudioDec           10041410 f   ipcsdk.obj
 0001:00040470       _IPC_SetAudioDec           10041470 f   ipcsdk.obj
 0001:000404c0       _IPC_GetVideoShield        100414c0 f   ipcsdk.obj
 0001:00040520       _IPC_SetVideoShield        10041520 f   ipcsdk.obj
 0001:00040570       _IPC_GetVideoRoi           10041570 f   ipcsdk.obj
 0001:000405d0       _IPC_SetVideoRoi           100415d0 f   ipcsdk.obj
 0001:00040620       _IPC_GetVideoEncCut        10041620 f   ipcsdk.obj
 0001:00040680       _IPC_SetVideoEncCut        10041680 f   ipcsdk.obj
 0001:000406d0       _IPC_GetOsdCap             100416d0 f   ipcsdk.obj
 0001:00040730       _IPC_GetOsd                10041730 f   ipcsdk.obj
 0001:00040790       _IPC_SetOsd                10041790 f   ipcsdk.obj
 0001:000407e0       _IPC_SetOsdList            100417e0 f   ipcsdk.obj
 0001:00040830       _IPC_GetOsdList            10041830 f   ipcsdk.obj
 0001:00040890       _IPC_GetOsdStateQuery      10041890 f   ipcsdk.obj
 0001:000408f0       _IPC_SetOsdPrepare         100418f0 f   ipcsdk.obj
 0001:00040940       _IPC_SetOsdUploadFile      10041940 f   ipcsdk.obj
 0001:00040990       _IPC_Img_Def               10041990 f   ipcsdk.obj
[...]
       92    _IPC_GetShutter
               exported name: IPC_GetShutter
       93    _IPC_GetSightChange
               exported name: IPC_GetSightChange
       94    _IPC_GetSmartIR
               exported name: IPC_GetSmartIR
       95    _IPC_GetSnapEvent
               exported name: IPC_GetSnapEvent
       96    _IPC_GetSnapPicCfg
               exported name: IPC_GetSnapPicCfg
       97    _IPC_GetSnapTime
               exported name: IPC_GetSnapTime
       98    _IPC_GetStorageMgr
               exported name: IPC_GetStorageMgr
       99    _IPC_GetStorageNum
               exported name: IPC_GetStorageNum
      100    _IPC_GetStorageState
               exported name: IPC_GetStorageState
      101    _IPC_GetSystemTime
               exported name: IPC_GetSystemTime
      102    _IPC_GetTimeAuto
               exported name: IPC_GetTimeAuto
      103    _IPC_GetTimeTask
               exported name: IPC_GetTimeTask
      104    _IPC_GetUPnP
               exported name: IPC_GetUPnP
      105    _IPC_GetUserInfo
               exported name: IPC_GetUserInfo
      106    _IPC_GetVersion
               exported name: IPC_GetVersion
      107    _IPC_GetVideoEnc
               exported name: IPC_GetVideoEnc
      108    _IPC_GetVideoEncCut
               exported name: IPC_GetVideoEncCut
      109    _IPC_GetVideoInfo
               exported name: IPC_GetVideoInfo
      110    _IPC_GetVideoRoi
               exported name: IPC_GetVideoRoi
      111    _IPC_GetVideoShield
               exported name: IPC_GetVideoShield
      112    _IPC_GetVideoVolume_RTCP
               exported name: IPC_GetVideoVolume_RTCP
      113    _IPC_GetVirtualFocus
               exported name: IPC_GetVirtualFocus
      114    _IPC_GetVsip
               exported name: IPC_GetVsip
      115    _IPC_GetWDR
               exported name: IPC_GetWDR
      116    _IPC_GetWarningLine
               exported name: IPC_GetWarningLine
      117    _IPC_GetWhiteBlance
               exported name: IPC_GetWhiteBlance
      118    _IPC_GetWlanInfo
               exported name: IPC_GetWlanInfo
      119    _IPC_Getrecplaystate
               exported name: IPC_Getrecplaystate
      120    _IPC_Img_Def
               exported name: IPC_Img_Def
      121    _IPC_InitDll
               exported name: IPC_InitDll
      122    _IPC_IsConnect
               exported name: IPC_IsConnect
      123    _IPC_LedFind
               exported name: IPC_LedFind
      124    _IPC_Login
               exported name: IPC_Login
      125    _IPC_Logout
               exported name: IPC_Logout
      126    _IPC_MoveRecordPlay
               exported name: IPC_MoveRecordPlay
      127    _IPC_PauseRecordPlay
               exported name: IPC_PauseRecordPlay
      128    _IPC_PreLoadRecordList
               exported name: IPC_PreLoadRecordList
      129    _IPC_PtzGotoPoint
               exported name: IPC_PtzGotoPoint
      130    _IPC_PtzMove
               exported name: IPC_PtzMove
      131    _IPC_PtzZoneZoom
               exported name: IPC_PtzZoneZoom
      132    _IPC_PuSnapShot
               exported name: IPC_PuSnapShot
      133    _IPC_RecoverFactory
               exported name: IPC_RecoverFactory
      134    _IPC_ReleaseDll
               exported name: IPC_ReleaseDll
      135    _IPC_RemoveRtspMetaPort
               exported name: IPC_RemoveRtspMetaPort
      136    _IPC_ResumeRecordPlay
               exported name: IPC_ResumeRecordPlay
      137    _IPC_SendKeyFrame
               exported name: IPC_SendKeyFrame
      138    _IPC_SendTransData
               exported name: IPC_SendTransData
      139    _IPC_Set2DDenoise
               exported name: IPC_Set2DDenoise
      140    _IPC_Set3DDenoise
               exported name: IPC_Set3DDenoise
      141    _IPC_Set8021x
               exported name: IPC_Set8021x
      142    _IPC_SetAdvanced
               exported name: IPC_SetAdvanced
      143    _IPC_SetAlarmIn
               exported name: IPC_SetAlarmIn
      144    _IPC_SetAlarmOut
               exported name: IPC_SetAlarmOut
      145    _IPC_SetAreaDetectEnter
               exported name: IPC_SetAreaDetectEnter
      146    _IPC_SetAreaDetectEntry
               exported name: IPC_SetAreaDetectEntry
      147    _IPC_SetAreaDetectExit
               exported name: IPC_SetAreaDetectExit
      148    _IPC_SetAudioDec
               exported name: IPC_SetAudioDec
      149    _IPC_SetAudioEnc
               exported name: IPC_SetAudioEnc
      150    _IPC_SetAudioExcept
               exported name: IPC_SetAudioExcept
      151    _IPC_SetAuthMode
               exported name: IPC_SetAuthMode
      152    _IPC_SetBLC
               exported name: IPC_SetBLC
      153    _IPC_SetColor
               exported name: IPC_SetColor
      154    _IPC_SetCorridorMode
               exported name: IPC_SetCorridorMode
      155    _IPC_SetDST
               exported name: IPC_SetDST
      156    _IPC_SetDdns
               exported name: IPC_SetDdns
      157    _IPC_SetDetect
               exported name: IPC_SetDetect
      158    _IPC_SetDeviceInfo
               exported name: IPC_SetDeviceInfo
      159    _IPC_SetDpss
               exported name: IPC_SetDpss
      160    _IPC_SetDynPluginState
               exported name: IPC_SetDynPluginState
      161    _IPC_SetEventTime
               exported name: IPC_SetEventTime
      162    _IPC_SetExcept
               exported name: IPC_SetExcept
      163    _IPC_SetFaceDetect
               exported name: IPC_SetFaceDetect
      164    _IPC_SetFillLight
               exported name: IPC_SetFillLight
      165    _IPC_SetFocus
               exported name: IPC_SetFocus
      166    _IPC_SetFogThrough
               exported name: IPC_SetFogThrough
      167    _IPC_SetGB28181
               exported name: IPC_SetGB28181
      168    _IPC_SetGain
               exported name: IPC_SetGain
      169    _IPC_SetGamma
               exported name: IPC_SetGamma
      170    _IPC_SetHLC
               exported name: IPC_SetHLC
      171    _IPC_SetImageMode
               exported name: IPC_SetImageMode
      172    _IPC_SetInfrared
               exported name: IPC_SetInfrared
      173    _IPC_SetIpInfo
               exported name: IPC_SetIpInfo
      174    _IPC_SetIrcutFilter
               exported name: IPC_SetIrcutFilter
      175    _IPC_SetIris
               exported name: IPC_SetIris
      176    _IPC_SetKSnmp
               exported name: IPC_SetKSnmp
      177    _IPC_SetLaser
               exported name: IPC_SetLaser
      178    _IPC_SetLocalEcho
               exported name: IPC_SetLocalEcho
      179    _IPC_SetMTCF
               exported name: IPC_SetMTCF
      180    _IPC_SetMultiVideoMode
               exported name: IPC_SetMultiVideoMode
      181    _IPC_SetNetPort
               exported name: IPC_SetNetPort
      182    _IPC_SetObjectLeft
               exported name: IPC_SetObjectLeft
      183    _IPC_SetObjectRemoval
               exported name: IPC_SetObjectRemoval
      184    _IPC_SetOnvif
               exported name: IPC_SetOnvif
      185    _IPC_SetOsd
               exported name: IPC_SetOsd
      186    _IPC_SetOsdList
               exported name: IPC_SetOsdList
      187    _IPC_SetOsdPrepare
               exported name: IPC_SetOsdPrepare
      188    _IPC_SetOsdUploadFile
               exported name: IPC_SetOsdUploadFile
      189    _IPC_SetPPPoE
               exported name: IPC_SetPPPoE
      190    _IPC_SetPersonAggregate
               exported name: IPC_SetPersonAggregate
      191    _IPC_SetPowerInfo
               exported name: IPC_SetPowerInfo
      192    _IPC_SetPowerLineFrequency
               exported name: IPC_SetPowerLineFrequency
      193    _IPC_SetPtzBase
               exported name: IPC_SetPtzBase
      194    _IPC_SetPtzCoorDinateEvt
               exported name: IPC_SetPtzCoorDinateEvt
      195    _IPC_SetPtzLimit
               exported name: IPC_SetPtzLimit
      196    _IPC_SetPtzMainTain
               exported name: IPC_SetPtzMainTain
      197    _IPC_SetPtzPathCruise
               exported name: IPC_SetPtzPathCruise
      198    _IPC_SetPtzPathCruiseEvent
               exported name: IPC_SetPtzPathCruiseEvent
      199    _IPC_SetPtzPatternEvt
               exported name: IPC_SetPtzPatternEvt
      200    _IPC_SetPtzPreset
               exported name: IPC_SetPtzPreset
      201    _IPC_SetPtzRatio
               exported name: IPC_SetPtzRatio
      202    _IPC_SetPtzRefactory
               exported name: IPC_SetPtzRefactory
      203    _IPC_SetPtzWatchOn
               exported name: IPC_SetPtzWatchOn
      204    _IPC_SetPtzWiper
               exported name: IPC_SetPtzWiper
      205    _IPC_SetQos
               exported name: IPC_SetQos
      206    _IPC_SetRSInfo
               exported name: IPC_SetRSInfo
      207    _IPC_SetRecSchedule
               exported name: IPC_SetRecSchedule
      208    _IPC_SetRecordPlayRate
               exported name: IPC_SetRecordPlayRate
      209    _IPC_SetRtspMetaPort
               exported name: IPC_SetRtspMetaPort
      210    _IPC_SetSSH
               exported name: IPC_SetSSH
      211    _IPC_SetShieldAlarm
               exported name: IPC_SetShieldAlarm
      212    _IPC_SetShutter
               exported name: IPC_SetShutter
      213    _IPC_SetSightChange
               exported name: IPC_SetSightChange
      214    _IPC_SetSmartIR
               exported name: IPC_SetSmartIR
      215    _IPC_SetSnapEvent
               exported name: IPC_SetSnapEvent
      216    _IPC_SetSnapPicCfg
               exported name: IPC_SetSnapPicCfg
      217    _IPC_SetSnapTime
               exported name: IPC_SetSnapTime
      218    _IPC_SetStorageMgr
               exported name: IPC_SetStorageMgr
      219    _IPC_SetSysTimeSynChronise
               exported name: IPC_SetSysTimeSynChronise
      220    _IPC_SetSystemTime
               exported name: IPC_SetSystemTime
      221    _IPC_SetTimeAuto
               exported name: IPC_SetTimeAuto
      222    _IPC_SetTimeTask
               exported name: IPC_SetTimeTask
      223    _IPC_SetUPnP
               exported name: IPC_SetUPnP
      224    _IPC_SetUserInfo
               exported name: IPC_SetUserInfo
      225    _IPC_SetVideoEnc
               exported name: IPC_SetVideoEnc
      226    _IPC_SetVideoEncCut
               exported name: IPC_SetVideoEncCut
      227    _IPC_SetVideoRoi
               exported name: IPC_SetVideoRoi
      228    _IPC_SetVideoShield
               exported name: IPC_SetVideoShield
      229    _IPC_SetVideoVolume_RTCP
               exported name: IPC_SetVideoVolume_RTCP
      230    _IPC_SetVirtualFocus
               exported name: IPC_SetVirtualFocus
      231    _IPC_SetVsip
               exported name: IPC_SetVsip
      232    _IPC_SetWDR
               exported name: IPC_SetWDR
      233    _IPC_SetWarningLine
               exported name: IPC_SetWarningLine
      234    _IPC_SetWhiteBlance
               exported name: IPC_SetWhiteBlance
      235    _IPC_SetWlanInfo
               exported name: IPC_SetWlanInfo
      236    _IPC_Setrecdownloadspeed
               exported name: IPC_Setrecdownloadspeed
      237    _IPC_StartRealPlay
               exported name: IPC_StartRealPlay
      238    _IPC_StartRecordPlay
               exported name: IPC_StartRecordPlay
      239    _IPC_StartVoiceCall
               exported name: IPC_StartVoiceCall
      240    _IPC_StopRealPlay
               exported name: IPC_StopRealPlay
      241    _IPC_StopRecordPlay
               exported name: IPC_StopRecordPlay
      242    _IPC_StopVoiceCall
               exported name: IPC_StopVoiceCall
      243    _IPC_SysUpload
               exported name: IPC_SysUpload
      244    _IPC_SysUploadState
               exported name: IPC_SysUploadState
      245    _IPC_SystemReboot
               exported name: IPC_SystemReboot
      246    _IPC_UpdateUser
               exported name: IPC_UpdateUser
      247    _IPC_UserActive
               exported name: IPC_UserActive
      248    _IPC_VoiceCallState
               exported name: IPC_VoiceCallState
      249    _IsOsApi_Initd
               exported name: IsOsApi_Initd
      250    _OsApi_AddThreadInfo
               exported name: OsApi_AddThreadInfo
      251    _OsApi_AddrListGet
               exported name: OsApi_AddrListGet
      252    _OsApi_ClearCommError
               exported name: OsApi_ClearCommError
      253    _OsApi_ClkRateGet
               exported name: OsApi_ClkRateGet
      254    _OsApi_CloseMailbox
               exported name: OsApi_CloseMailbox
      255    _OsApi_CmdFuncEnable
               exported name: OsApi_CmdFuncEnable
      256    _OsApi_CreateMailbox
               exported name: OsApi_CreateMailbox
      257    _OsApi_DelThreadInfo
               exported name: OsApi_DelThreadInfo
      258    _OsApi_EscapeCommFunction
               exported name: OsApi_EscapeCommFunction
      259    _OsApi_GetCommState
               exported name: OsApi_GetCommState
      260    _OsApi_GetCommTimeouts
               exported name: OsApi_GetCommTimeouts
      261    _OsApi_GetCpuInfo
               exported name: OsApi_GetCpuInfo
      262    _OsApi_GetDeviceID
               exported name: OsApi_GetDeviceID
      263    _OsApi_GetEpldVer
               exported name: OsApi_GetEpldVer
      264    _OsApi_GetMemInfo
               exported name: OsApi_GetMemInfo
      265    _OsApi_GetOsVer
               exported name: OsApi_GetOsVer
      266    _OsApi_GetTimeInfo
               exported name: OsApi_GetTimeInfo
      267    _OsApi_Init
               exported name: OsApi_Init
      268    _OsApi_IsLocalHost
               exported name: OsApi_IsLocalHost
      269    _OsApi_MBAvailMsgs
               exported name: OsApi_MBAvailMsgs
      270    _OsApi_PrintThreadInfo
               exported name: OsApi_PrintThreadInfo
      271    _OsApi_PrintTimerStatus
               exported name: OsApi_PrintTimerStatus
      272    _OsApi_Printf
               exported name: OsApi_Printf
      273    _OsApi_PurgeComm
               exported name: OsApi_PurgeComm
      274    _OsApi_Quit
               exported name: OsApi_Quit
      275    _OsApi_RcvMsg
               exported name: OsApi_RcvMsg
      276    _OsApi_RegCommand
               exported name: OsApi_RegCommand
      277    _OsApi_RegistModule
               exported name: OsApi_RegistModule
      278    _OsApi_SemBCreate
               exported name: OsApi_SemBCreate
      279    _OsApi_SemCCreate
               exported name: OsApi_SemCCreate
      280    _OsApi_SemDelete
               exported name: OsApi_SemDelete
      281    _OsApi_SemEffectiveGive
               exported name: OsApi_SemEffectiveGive
      282    _OsApi_SemEffectiveTake
               exported name: OsApi_SemEffectiveTake
      283    _OsApi_SemGive
               exported name: OsApi_SemGive
      284    _OsApi_SemTake
               exported name: OsApi_SemTake
      285    _OsApi_SemTakeByTime
               exported name: OsApi_SemTakeByTime
      286    _OsApi_SerialClose
               exported name: OsApi_SerialClose
      287    _OsApi_SerialOpen
               exported name: OsApi_SerialOpen
      288    _OsApi_SerialRead
               exported name: OsApi_SerialRead
      289    _OsApi_SerialWrite
               exported name: OsApi_SerialWrite
      290    _OsApi_SetCommState
               exported name: OsApi_SetCommState
      291    _OsApi_SetCommTimeouts
               exported name: OsApi_SetCommTimeouts
      292    _OsApi_SetPrompt
               exported name: OsApi_SetPrompt
      293    _OsApi_SetTimeInfo
               exported name: OsApi_SetTimeInfo
      294    _OsApi_SndMsg
               exported name: OsApi_SndMsg
      295    _OsApi_SockCleanup
               exported name: OsApi_SockCleanup
      296    _OsApi_SockClose
               exported name: OsApi_SockClose
      297    _OsApi_SockInit
               exported name: OsApi_SockInit
      298    _OsApi_SysReboot
               exported name: OsApi_SysReboot
      299    _OsApi_TaskCreate
               exported name: OsApi_TaskCreate
      300    _OsApi_TaskDelay
               exported name: OsApi_TaskDelay
      301    _OsApi_TaskExit
               exported name: OsApi_TaskExit
      302    _OsApi_TaskGetPriority
               exported name: OsApi_TaskGetPriority
      303    _OsApi_TaskHandleVerify
               exported name: OsApi_TaskHandleVerify
      304    _OsApi_TaskResume
               exported name: OsApi_TaskResume
      305    _OsApi_TaskSafe
               exported name: OsApi_TaskSafe
      306    _OsApi_TaskSelfHandle
               exported name: OsApi_TaskSelfHandle
      307    _OsApi_TaskSelfID
               exported name: OsApi_TaskSelfID
      308    _OsApi_TaskSetPriority
               exported name: OsApi_TaskSetPriority
      309    _OsApi_TaskSuspend
               exported name: OsApi_TaskSuspend
      310    _OsApi_TaskTerminate
               exported name: OsApi_TaskTerminate
      311    _OsApi_TaskUnsafe
               exported name: OsApi_TaskUnsafe
      312    _OsApi_TaskWaitEnd
               exported name: OsApi_TaskWaitEnd
      313    _OsApi_TcpListen
               exported name: OsApi_TcpListen
      314    _OsApi_TcpOpen
               exported name: OsApi_TcpOpen
      315    _OsApi_TelePrint
               exported name: OsApi_TelePrint
      316    _OsApi_TickGet
               exported name: OsApi_TickGet
      317    _OsApi_TimerDelete
               exported name: OsApi_TimerDelete
      318    _OsApi_TimerEnd
               exported name: OsApi_TimerEnd
      319    _OsApi_TimerInfo
               exported name: OsApi_TimerInfo
      320    _OsApi_TimerInit
               exported name: OsApi_TimerInit
      321    _OsApi_TimerNew
               exported name: OsApi_TimerNew
      322    _OsApi_TimerRunCount
               exported name: OsApi_TimerRunCount
      323    _OsApi_TimerSet
               exported name: OsApi_TimerSet
      324    _OsApi_TimerStop
               exported name: OsApi_TimerStop
      325    _OsApi_help
               exported name: OsApi_help
      326    _OsApi_sockBytesAvailable
               exported name: OsApi_sockBytesAvailable
      327    _OsApi_ver
               exported name: OsApi_ver
      328    _TraceCgiInfo
               exported name: TraceCgiInfo
      329    _TraceDebug
               exported name: TraceDebug
      330    _TraceError
               exported name: TraceError
      331    _TraceInfo
               exported name: TraceInfo
      332    _ostimerstate
               exported name: ostimerstate
      333    _rtsp_debug
               exported name: rtsp_debug
      334    _rtsp_dev_status
               exported name: rtsp_dev_status
      335    _rtsp_help
               exported name: rtsp_help
      336    _rtsp_media_status
               exported name: rtsp_media_status
      337    _rtsp_session_status
               exported name: rtsp_session_status
      338    _rtsp_sock_status
               exported name: rtsp_sock_status
      339    _rtsp_status
               exported name: rtsp_status
      340    _rtsp_type
               exported name: rtsp_type
      341    _rtsp_ver
               exported name: rtsp_ver
      342    _sdkhelp
               exported name: sdkhelp
      343    _sdklogoff
               exported name: sdklogoff
      344    _sdklogon
               exported name: sdklogon
      345    _sdkver
               exported name: sdkver
      346    _set_echo
               exported name: set_echo
      347    _set_speed
               exported name: set_speed
      348    _telSend
               exported name: telSend
      349    _telnetEnd
               exported name: telnetEnd
      350    _telnetInit
               exported name: telnetInit
